Archive member included to satisfy reference by file (symbol)

C:/Users/Matteo/Desktop/roba_nds/tris_nds/nflib/lib\libnflib.a(nf_2d.o)
                              main.o (NF_Set2D)
C:/Users/Matteo/Desktop/roba_nds/tris_nds/nflib/lib\libnflib.a(nf_basic.o)
                              C:/Users/Matteo/Desktop/roba_nds/tris_nds/nflib/lib\libnflib.a(nf_2d.o) (NF_Error)
C:/Users/Matteo/Desktop/roba_nds/tris_nds/nflib/lib\libnflib.a(nf_bitmapbg.o)
                              main.o (NF_Init16bitsBgBuffers)
C:/Users/Matteo/Desktop/roba_nds/tris_nds/nflib/lib\libnflib.a(nf_media.o)
                              main.o (NF_LoadBMP)
C:/Users/Matteo/Desktop/roba_nds/tris_nds/nflib/lib\libnflib.a(nf_sprite256.o)
                              C:/Users/Matteo/Desktop/roba_nds/tris_nds/nflib/lib\libnflib.a(nf_2d.o) (NF_BUFFER_SPR256GFX)
C:/Users/Matteo/Desktop/roba_nds/tris_nds/nflib/lib\libnflib.a(nf_tiledbg.o)
                              C:/Users/Matteo/Desktop/roba_nds/tris_nds/nflib/lib\libnflib.a(nf_2d.o) (NF_BUFFER_BGMAP)
C:/devkitPro/libnds/lib\libfilesystem.a(nitrofs.o)
                              C:/Users/Matteo/Desktop/roba_nds/tris_nds/nflib/lib\libnflib.a(nf_basic.o) (nitroFSInit)
C:/devkitPro/libnds/lib\libfat.a(libfat.o)
                              C:/Users/Matteo/Desktop/roba_nds/tris_nds/nflib/lib\libnflib.a(nf_basic.o) (fatInitDefault)
C:/devkitPro/libnds/lib\libfat.a(disc.o)
                              C:/devkitPro/libnds/lib\libfat.a(libfat.o) (_FAT_disc_interfaces)
C:/devkitPro/libnds/lib\libfat.a(fatfile.o)
                              C:/devkitPro/libnds/lib\libfat.a(libfat.o) (_FAT_open_r)
C:/devkitPro/libnds/lib\libfat.a(cache.o)
                              C:/devkitPro/libnds/lib\libfat.a(fatfile.o) (_FAT_cache_readSectors)
C:/devkitPro/libnds/lib\libfat.a(fatdir.o)
                              C:/devkitPro/libnds/lib\libfat.a(libfat.o) (_FAT_stat_r)
C:/devkitPro/libnds/lib\libfat.a(directory.o)
                              C:/devkitPro/libnds/lib\libfat.a(fatfile.o) (_FAT_directory_entryGetCluster)
C:/devkitPro/libnds/lib\libfat.a(partition.o)
                              C:/devkitPro/libnds/lib\libfat.a(libfat.o) (_FAT_partition_destructor)
C:/devkitPro/libnds/lib\libfat.a(lock.o)
                              C:/devkitPro/libnds/lib\libfat.a(partition.o) (_FAT_lock_init)
C:/devkitPro/libnds/lib\libfat.a(filetime.o)
                              C:/devkitPro/libnds/lib\libfat.a(fatfile.o) (_FAT_filetime_getTimeFromRTC)
C:/devkitPro/libnds/lib\libfat.a(file_allocation_table.o)
                              C:/devkitPro/libnds/lib\libfat.a(fatfile.o) (_FAT_fat_nextCluster)
C:/devkitPro/libnds/lib\libnds9.a(video.o)
                              C:/Users/Matteo/Desktop/roba_nds/tris_nds/nflib/lib\libnflib.a(nf_basic.o) (setBrightness)
C:/devkitPro/libnds/lib\libnds9.a(touch.o)
                              main.o (touchRead)
C:/devkitPro/libnds/lib\libnds9.a(console.o)
                              main.o (consoleDemoInit)
C:/devkitPro/libnds/lib\libnds9.a(keyboard.o)
                              main.o (keyboardDemoInit)
C:/devkitPro/libnds/lib\libnds9.a(sprite.o)
                              C:/Users/Matteo/Desktop/roba_nds/tris_nds/nflib/lib\libnflib.a(nf_sprite256.o) (oamInit)
C:/devkitPro/libnds/lib\libnds9.a(keys.o)
                              main.o (scanKeys)
C:/devkitPro/libnds/lib\libnds9.a(dldi.o)
                              C:/devkitPro/libnds/lib\libfat.a(disc.o) (dldiGetInternal)
C:/devkitPro/libnds/lib\libnds9.a(initSystem.o)
                              c:/devkitpro/devkitarm/bin/../lib/gcc/arm-none-eabi/11.1.0/../../../../arm-none-eabi/lib/thumb/ds_arm9_crt0.o (initSystem)
C:/devkitPro/libnds/lib\libnds9.a(timeSupport.o)
                              C:/devkitPro/libnds/lib\libnds9.a(initSystem.o) (__libnds_gtod)
C:/devkitPro/libnds/lib\libnds9.a(securearea.o)
                              c:/devkitpro/devkitarm/bin/../lib/gcc/arm-none-eabi/11.1.0/../../../../arm-none-eabi/lib/thumb/ds_arm9_crt0.o (__secure_area__)
C:/devkitPro/libnds/lib\libnds9.a(interrupts.o)
                              C:/devkitPro/libnds/lib\libnds9.a(initSystem.o) (irqInit)
C:/devkitPro/libnds/lib\libnds9.a(libnds_exit.arm.o)
                              c:/devkitpro/devkitarm/bin/../lib/gcc/arm-none-eabi/11.1.0/../../../../arm-none-eabi/lib/thumb/ds_arm9_crt0.o (__libnds_exit)
C:/devkitPro/libnds/lib\libnds9.a(card.o)
                              C:/devkitPro/libnds/lib\libfilesystem.a(nitrofs.o) (cardParamCommand)
C:/devkitPro/libnds/lib\libnds9.a(fifosystem.o)
                              C:/devkitPro/libnds/lib\libnds9.a(initSystem.o) (fifoSetValue32Handler)
C:/devkitPro/libnds/lib\libnds9.a(dcache.o)
                              C:/Users/Matteo/Desktop/roba_nds/tris_nds/nflib/lib\libnflib.a(nf_basic.o) (DC_FlushRange)
C:/devkitPro/libnds/lib\libnds9.a(dldi_stub.o)
[...]
Memory Configuration

Name             Origin             Length             Attributes
ewram            0x0000000002000000 0x0000000000380000
dtcm             0x0000000002ff0000 0x0000000000004000
vectors          0x0000000001000000 0x0000000000000100
itcm             0x0000000001000100 0x0000000000007f00
*default*        0x0000000000000000 0xffffffffffffffff

Linker script and memory map

                0x0000000002380000                __ewram_end = (ORIGIN (ewram) + LENGTH (ewram))
                0x0000000002380000                __eheap_end = (ORIGIN (ewram) + LENGTH (ewram))
                0x0000000002ff4000                __dtcm_top = (ORIGIN (dtcm) + LENGTH (dtcm))
                0x0000000002ff3ff8                __irq_flags = (__dtcm_top - 0x8)
                0x0000000002ff3ffc                __irq_vector = (__dtcm_top - 0x4)
                0x0000000002ff3f00                __sp_svc = (__dtcm_top - 0x100)
                0x0000000002ff3e00                __sp_irq = (__sp_svc - 0x100)
                0x0000000002ff3d00                __sp_usr = (__sp_irq - 0x100)

.secure         0x0000000002000000      0x800
 *(.secure)
 .secure        0x0000000002000000      0x800 C:/devkitPro/libnds/lib\libnds9.a(securearea.o)
                0x0000000002000000                __secure_area__

.crt0           0x0000000002000800      0x300
                0x0000000002000800                __text_start = .
 *(.crt0)
 .crt0          0x0000000002000800      0x300 c:/devkitpro/devkitarm/bin/../lib/gcc/arm-none-eabi/11.1.0/../../../../arm-none-eabi/lib/thumb/ds_arm9_crt0.o
                0x0000000002000800                _start
                0x0000000002000b00                . = ALIGN (0x4)

.plt
 *(.plt)

.init           0x0000000002000b00        0xc
 *(SORT_NONE(.init))
 .init          0x0000000002000b00        0x4 c:/devkitpro/devkitarm/bin/../lib/gcc/arm-none-eabi/11.1.0/thumb/crti.o
                0x0000000002000b00                _init
 .init          0x0000000002000b04        0x8 c:/devkitpro/devkitarm/bin/../lib/gcc/arm-none-eabi/11.1.0/thumb/crtn.o

.text           0x0000000002000b40    0x1fdd0
 *(EXCLUDE_FILE(*.twl* *.vectors* *.itcm*) .text)
 .text          0x0000000002000b40      0x208 main.o
                0x0000000002000b40                OnKeyPressed(int)
                0x0000000002000b54                player::swap_order()
                0x0000000002000b68                player::check_win(char (*) [3])
                0x0000000002000c20                clear_grid(char (*) [3])
                0x0000000002000c38                print_grid(char (*) [3])
                0x0000000002000c9c                positioning(unsigned char, unsigned char, char (*) [3])
                0x0000000002000cac                check_grid(char (*) [3])
                0x0000000002000cd4                columns(touchPosition)
                0x0000000002000d10                rows(touchPosition)
 .text          0x0000000002000d48      0x884 C:/Users/Matteo/Desktop/roba_nds/tris_nds/nflib/lib\libnflib.a(nf_2d.o)
                0x0000000002000d48                NF_Set2D
                0x0000000002000dac                NF_ShowBg
                0x0000000002000e24                NF_HideBg
                0x0000000002000ec4                NF_ScrollBg
                0x0000000002001234                NF_MoveSprite
                0x0000000002001254                NF_SpriteLayer
                0x0000000002001270                NF_ShowSprite
                0x0000000002001290                NF_HflipSprite
                0x00000000020012ac                NF_GetSpriteHflip
                0x00000000020012c8                NF_VflipSprite
                0x00000000020012e4                NF_GetSpriteVflip
                0x0000000002001300                NF_SpriteFrame
                0x00000000020013c8                NF_EnableSpriteRotScale
                0x0000000002001460                NF_DisableSpriteRotScale
                0x00000000020014d4                NF_SpriteRotScale
 .text          0x00000000020015cc      0x490 C:/Users/Matteo/Desktop/roba_nds/tris_nds/nflib/lib\libnflib.a(nf_basic.o)
                0x00000000020015cc                NF_Error
                0x0000000002001878                NF_SetRootFolder
                0x00000000020019d0                NF_DmaMemCopy
                0x0000000002001a4c                NF_GetLanguage
 .text          0x0000000002001a5c      0x9e0 C:/Users/Matteo/Desktop/roba_nds/tris_nds/nflib/lib\libnflib.a(nf_bitmapbg.o)
                0x0000000002001a5c                NF_Init16bitsBgBuffers
                0x0000000002001a7c                NF_Reset16bitsBgBuffers
                0x0000000002001aac                NF_Init16bitsBackBuffer
                0x0000000002001ac4                NF_Enable16bitsBackBuffer
                0x0000000002001b00                NF_Disble16bitsBackBuffer
                0x0000000002001b20                NF_Flip16bitsBackBuffer
                0x0000000002001b4c                NF_InitBitmapBgSys
                0x0000000002001d2c                NF_Load16bImgData
                0x0000000002001e4c                NF_Load16bitsBg
                0x0000000002001e64                NF_Load16bitsImage
                0x0000000002001e74                NF_Unload16bitsBg
                0x0000000002001ea8                NF_Copy16bitsBuffer
                0x0000000002001f14                NF_Draw16bitsImage
                0x0000000002002058                NF_Init8bitsBgBuffers
                0x0000000002002078                NF_Reset8bitsBgBuffers
                0x00000000020020b0                NF_Load8bitsBg
                0x0000000002002244                NF_Unload8bitsBg
                0x000000000200228c                NF_Copy8bitsBuffer
                0x000000000200233c                NF_Init8bitsBackBuffer
                0x0000000002002358                NF_Enable8bitsBackBuffer
                0x00000000020023c0                NF_Disble8bitsBackBuffer
                0x00000000020023ec                NF_Flip8bitsBackBuffer
 .text          0x000000000200243c      0x3e4 C:/Users/Matteo/Desktop/roba_nds/tris_nds/nflib/lib\libnflib.a(nf_media.o)
                0x000000000200243c                NF_LoadBMP
 *fill*         0x0000000002002820       0x20 ff
 .text          0x0000000002002840     0x4000 C:/devkitPro/libnds/lib\libnds9.a(dldi_stub.o)
                0x0000000002002840                _io_dldi_stub
 .text          0x0000000002006840      0x11c c:/devkitpro/devkitarm/bin/../lib/gcc/arm-none-eabi/11.1.0/thumb\libgcc.a(_udivsi3.o)
                0x0000000002006840                __aeabi_uidiv
                0x0000000002006840                __udivsi3
                0x000000000200693c                __aeabi_uidivmod
 .text          0x000000000200695c      0x150 c:/devkitpro/devkitarm/bin/../lib/gcc/arm-none-eabi/11.1.0/thumb\libgcc.a(_divsi3.o)
                0x000000000200695c                __divsi3
                0x000000000200695c                __aeabi_idiv
                0x0000000002006a8c                __aeabi_idivmod
 .text          0x0000000002006aac        0x4 c:/devkitpro/devkitarm/bin/../lib/gcc/arm-none-eabi/11.1.0/thumb\libgcc.a(_dvmd_tls.o)
                0x0000000002006aac                __aeabi_idiv0
                0x0000000002006aac                __aeabi_ldiv0
 .text          0x0000000002006ab0       0xd4 c:/devkitpro/devkitarm/bin/../lib/gcc/arm-none-eabi/11.1.0/thumb\libgcc.a(_aeabi_ldivmod.o)
                0x0000000002006ab0                __aeabi_ldivmod
 .text          0x0000000002006b84       0x28 c:/devkitpro/devkitarm/bin/../lib/gcc/arm-none-eabi/11.1.0/thumb\libgcc.a(_clzdi2.o)
                0x0000000002006b84                __clzdi2
 .text          0x0000000002006bac       0x48 c:/devkitpro/devkitarm/bin/../lib/gcc/arm-none-eabi/11.1.0/thumb\libgcc.a(_clzsi2.o)
                0x0000000002006bac                __clzsi2
 .text          0x0000000002006bf4      0x224 c:/devkitpro/devkitarm/bin/../lib/gcc/arm-none-eabi/11.1.0/../../../../arm-none-eabi/lib/thumb\libg.a(lib_a-strcmp.o)
                0x0000000002006bf4                strcmp
 .text          0x0000000002006e18       0x14 c:/devkitpro/devkitarm/bin/../lib/gcc/arm-none-eabi/11.1.0/thumb\libgcc.a(_thumb1_case_uqi.o)
                0x0000000002006e18                __gnu_thumb1_case_uqi
 .text          0x0000000002006e2c       0x14 c:/devkitpro/devkitarm/bin/../lib/gcc/arm-none-eabi/11.1.0/thumb\libgcc.a(_thumb1_case_uhi.o)
                0x0000000002006e2c                __gnu_thumb1_case_uhi
 .text          0x0000000002006e40      0x424 c:/devkitpro/devkitarm/bin/../lib/gcc/arm-none-eabi/11.1.0/thumb\libgcc.a(_arm_addsubdf3.o)
                0x0000000002006e40                __aeabi_drsub
                0x0000000002006e48                __aeabi_dsub
                0x0000000002006e48                __subdf3
                0x0000000002006e4c                __aeabi_dadd
                0x0000000002006e4c                __adddf3
                0x000000000200715c                __floatunsidf
                0x000000000200715c                __aeabi_ui2d
                0x0000000002007180                __floatsidf
                0x0000000002007180                __aeabi_i2d
                0x00000000020071a8                __aeabi_f2d
                0x00000000020071a8                __extendsfdf2
                0x00000000020071f0                __floatundidf
                0x00000000020071f0                __aeabi_ul2d
                0x0000000002007204                __floatdidf
                0x0000000002007204                __aeabi_l2d
 .text          0x0000000002007264      0x49c c:/devkitpro/devkitarm/bin/../lib/gcc/arm-none-eabi/11.1.0/thumb\libgcc.a(_arm_muldivdf3.o)
                0x0000000002007264                __aeabi_dmul
                0x0000000002007264                __muldf3
                0x00000000020074f4                __divdf3
                0x00000000020074f4                __aeabi_ddiv
 .text          0x0000000002007700      0x144 c:/devkitpro/devkitarm/bin/../lib/gcc/arm-none-eabi/11.1.0/thumb\libgcc.a(_arm_cmpdf2.o)
                0x0000000002007700                __gtdf2
                0x0000000002007700                __gedf2
                0x0000000002007708                __ltdf2
                0x0000000002007708                __ledf2
                0x0000000002007710                __nedf2
                0x0000000002007710                __eqdf2
                0x0000000002007710                __cmpdf2
                0x0000000002007798                __aeabi_cdrcmple
                0x00000000020077b4                __aeabi_cdcmpeq
                0x00000000020077b4                __aeabi_cdcmple
                0x00000000020077cc                __aeabi_dcmpeq
                0x00000000020077e4                __aeabi_dcmplt
                0x00000000020077fc                __aeabi_dcmple
                0x0000000002007814                __aeabi_dcmpge
                0x000000000200782c                __aeabi_dcmpgt
 .text          0x0000000002007844       0x38 c:/devkitpro/devkitarm/bin/../lib/gcc/arm-none-eabi/11.1.0/thumb\libgcc.a(_arm_unorddf2.o)
                0x0000000002007844                __unorddf2
                0x0000000002007844                __aeabi_dcmpun
 .text          0x000000000200787c       0x5c c:/devkitpro/devkitarm/bin/../lib/gcc/arm-none-eabi/11.1.0/thumb\libgcc.a(_arm_fixdfsi.o)
                0x000000000200787c                __aeabi_d2iz
                0x000000000200787c                __fixdfsi
 .text          0x00000000020078d8       0x54 c:/devkitpro/devkitarm/bin/../lib/gcc/arm-none-eabi/11.1.0/thumb\libgcc.a(_arm_fixunsdfsi.o)
                0x00000000020078d8                __aeabi_d2uiz
                0x00000000020078d8                __fixunsdfsi
 .text          0x000000000200792c       0xa0 c:/devkitpro/devkitarm/bin/../lib/gcc/arm-none-eabi/11.1.0/thumb\libgcc.a(_arm_truncdfsf2.o)
                0x000000000200792c                __truncdfsf2
                0x000000000200792c                __aeabi_d2f
 .text          0x00000000020079cc       0x3c c:/devkitpro/devkitarm/bin/../lib/gcc/arm-none-eabi/11.1.0/thumb\libgcc.a(_aeabi_uldivmod.o)
                0x00000000020079cc                __aeabi_uldivmod
 *(EXCLUDE_FILE(*.twl* *.vectors* *.itcm*) .stub)
 *(EXCLUDE_FILE(*.twl* *.vectors* *.itcm*) .text.*)
 .text.__do_global_dtors_aux
                0x0000000002007a08       0x2c c:/devkitpro/devkitarm/bin/../lib/gcc/arm-none-eabi/11.1.0/thumb/crtbegin.o
 .text.frame_dummy
                0x0000000002007a34       0x24 c:/devkitpro/devkitarm/bin/../lib/gcc/arm-none-eabi/11.1.0/thumb/crtbegin.o
 .text.startup  0x0000000002007a58      0x344 main.o
                0x0000000002007a58                main
 .text.nitroFSDirClose
                0x0000000002007d9c        0x4 C:/devkitPro/libnds/lib\libfilesystem.a(nitrofs.o)
 .text.nitroFSSeek
                0x0000000002007da0       0x78 C:/devkitPro/libnds/lib\libfilesystem.a(nitrofs.o)
 .text.nitroFSFstat
                0x0000000002007e18       0x10 C:/devkitPro/libnds/lib\libfilesystem.a(nitrofs.o)
 .text.nitroSubReadBlock
                0x0000000002007e28       0x54 C:/devkitPro/libnds/lib\libfilesystem.a(nitrofs.o)
 .text.nitroSubReadCard
                0x0000000002007e7c       0xb0 C:/devkitPro/libnds/lib\libfilesystem.a(nitrofs.o)
 .text.nitroFSClose
                0x0000000002007f2c        0x4 C:/devkitPro/libnds/lib\libfilesystem.a(nitrofs.o)
 .text.nitroDirReset
                0x0000000002007f30       0x9c C:/devkitPro/libnds/lib\libfilesystem.a(nitrofs.o)
 .text.nitroFSRead
                0x0000000002007fcc       0xbc C:/devkitPro/libnds/lib\libfilesystem.a(nitrofs.o)
 .text.nitroFSDirNext
                0x0000000002008088      0x30c C:/devkitPro/libnds/lib\libfilesystem.a(nitrofs.o)
 .text.nitroFSDirOpen
                0x0000000002008394       0xe0 C:/devkitPro/libnds/lib\libfilesystem.a(nitrofs.o)
 .text.nitroFSChdir
                0x0000000002008474       0x30 C:/devkitPro/libnds/lib\libfilesystem.a(nitrofs.o)
 .text.nitroFSOpen
                0x00000000020084a4       0xc4 C:/devkitPro/libnds/lib\libfilesystem.a(nitrofs.o)
 .text.nitroFSstat
                0x0000000002008568       0x68 C:/devkitPro/libnds/lib\libfilesystem.a(nitrofs.o)
 .text.nitroFSInit
                0x00000000020085d0      0x12c C:/devkitPro/libnds/lib\libfilesystem.a(nitrofs.o)
                0x00000000020085d0                nitroFSInit
 .text.fatMount.part.0
                0x00000000020086fc       0xa0 C:/devkitPro/libnds/lib\libfat.a(libfat.o)
 .text.fatMount
                0x000000000200879c       0x3c C:/devkitPro/libnds/lib\libfat.a(libfat.o)
                0x000000000200879c                fatMount
 .text.fatInit  0x00000000020087d8      0x130 C:/devkitPro/libnds/lib\libfat.a(libfat.o)
                0x00000000020087d8                fatInit
 .text.fatInitDefault
                0x0000000002008908        0xc C:/devkitPro/libnds/lib\libfat.a(libfat.o)
                0x0000000002008908                fatInitDefault
 .text._FAT_check_position_for_next_cluster.part.0
                0x0000000002008914       0x68 C:/devkitPro/libnds/lib\libfat.a(fatfile.o)
 .text._FAT_syncToDisc.part.0
                0x000000000200897c       0xd4 C:/devkitPro/libnds/lib\libfat.a(fatfile.o)
 .text._FAT_file_extend_r
                0x0000000002008a50      0x208 C:/devkitPro/libnds/lib\libfat.a(fatfile.o)
 .text._FAT_open_r
                0x0000000002008c58      0x2d4 C:/devkitPro/libnds/lib\libfat.a(fatfile.o)
                0x0000000002008c58                _FAT_open_r
 .text._FAT_close_r
                0x0000000002008f2c       0x74 C:/devkitPro/libnds/lib\libfat.a(fatfile.o)
                0x0000000002008f2c                _FAT_close_r
 .text._FAT_read_r
                0x0000000002008fa0      0x398 C:/devkitPro/libnds/lib\libfat.a(fatfile.o)
                0x0000000002008fa0                _FAT_read_r
 .text._FAT_write_r
                0x0000000002009338      0x53c C:/devkitPro/libnds/lib\libfat.a(fatfile.o)
                0x0000000002009338                _FAT_write_r
 .text._FAT_seek_r
                0x0000000002009874      0x194 C:/devkitPro/libnds/lib\libfat.a(fatfile.o)
                0x0000000002009874                _FAT_seek_r
 .text._FAT_fstat_r
                0x0000000002009a08       0x8c C:/devkitPro/libnds/lib\libfat.a(fatfile.o)
                0x0000000002009a08                _FAT_fstat_r
 .text._FAT_ftruncate_r
                0x0000000002009a94      0x16c C:/devkitPro/libnds/lib\libfat.a(fatfile.o)
                0x0000000002009a94                _FAT_ftruncate_r
 .text._FAT_fsync_r
                0x0000000002009c00       0x44 C:/devkitPro/libnds/lib\libfat.a(fatfile.o)
                0x0000000002009c00                _FAT_fsync_r
 .text._FAT_cache_getPage
                0x0000000002009c44       0xf0 C:/devkitPro/libnds/lib\libfat.a(cache.o)
 .text._FAT_cache_constructor
                0x0000000002009d34       0x90 C:/devkitPro/libnds/lib\libfat.a(cache.o)
                0x0000000002009d34                _FAT_cache_constructor
 .text._FAT_cache_readSectors
                0x0000000002009dc4       0x60 C:/devkitPro/libnds/lib\libfat.a(cache.o)
                0x0000000002009dc4                _FAT_cache_readSectors
 .text._FAT_cache_readPartialSector
                0x0000000002009e24       0x3c C:/devkitPro/libnds/lib\libfat.a(cache.o)
                0x0000000002009e24                _FAT_cache_readPartialSector
 .text._FAT_cache_readLittleEndianValue
                0x0000000002009e60       0x70 C:/devkitPro/libnds/lib\libfat.a(cache.o)
                0x0000000002009e60                _FAT_cache_readLittleEndianValue
 .text._FAT_cache_writePartialSector
                0x0000000002009ed0       0x4c C:/devkitPro/libnds/lib\libfat.a(cache.o)
                0x0000000002009ed0                _FAT_cache_writePartialSector
 .text._FAT_cache_writeLittleEndianValue
                0x0000000002009f1c       0x8c C:/devkitPro/libnds/lib\libfat.a(cache.o)
                0x0000000002009f1c                _FAT_cache_writeLittleEndianValue
 .text._FAT_cache_eraseWritePartialSector
                0x0000000002009fa8       0x60 C:/devkitPro/libnds/lib\libfat.a(cache.o)
                0x0000000002009fa8                _FAT_cache_eraseWritePartialSector
 .text._FAT_cache_writeSectors
                0x000000000200a008       0x80 C:/devkitPro/libnds/lib\libfat.a(cache.o)
                0x000000000200a008                _FAT_cache_writeSectors
 .text._FAT_cache_flush
                0x000000000200a088       0x40 C:/devkitPro/libnds/lib\libfat.a(cache.o)
                0x000000000200a088                _FAT_cache_flush
 .text._FAT_stat_r
                0x000000000200a0c8       0x90 C:/devkitPro/libnds/lib\libfat.a(fatdir.o)
                0x000000000200a0c8                _FAT_stat_r
 .text._FAT_link_r
                0x000000000200a158        0xc C:/devkitPro/libnds/lib\libfat.a(fatdir.o)
                0x000000000200a158                _FAT_link_r
 .text._FAT_unlink_r
                0x000000000200a164      0x184 C:/devkitPro/libnds/lib\libfat.a(fatdir.o)
                0x000000000200a164                _FAT_unlink_r
 .text._FAT_chdir_r
                0x000000000200a2e8       0x70 C:/devkitPro/libnds/lib\libfat.a(fatdir.o)
                0x000000000200a2e8                _FAT_chdir_r
 .text._FAT_rename_r
                0x000000000200a358      0x1c4 C:/devkitPro/libnds/lib\libfat.a(fatdir.o)
                0x000000000200a358                _FAT_rename_r
 .text._FAT_mkdir_r
                0x000000000200a51c      0x244 C:/devkitPro/libnds/lib\libfat.a(fatdir.o)
                0x000000000200a51c                _FAT_mkdir_r
 .text._FAT_statvfs_r
                0x000000000200a760       0x78 C:/devkitPro/libnds/lib\libfat.a(fatdir.o)
                0x000000000200a760                _FAT_statvfs_r
 .text._FAT_diropen_r
                0x000000000200a7d8       0xb0 C:/devkitPro/libnds/lib\libfat.a(fatdir.o)
                0x000000000200a7d8                _FAT_diropen_r
 .text._FAT_dirreset_r
                0x000000000200a888       0x4c C:/devkitPro/libnds/lib\libfat.a(fatdir.o)
                0x000000000200a888                _FAT_dirreset_r
 .text._FAT_dirnext_r
                0x000000000200a8d4       0x7c C:/devkitPro/libnds/lib\libfat.a(fatdir.o)
                0x000000000200a8d4                _FAT_dirnext_r
 .text._FAT_dirclose_r
                0x000000000200a950       0x20 C:/devkitPro/libnds/lib\libfat.a(fatdir.o)
                0x000000000200a950                _FAT_dirclose_r
 .text._FAT_directory_entryGetAlias
                0x000000000200a970       0xc8 C:/devkitPro/libnds/lib\libfat.a(directory.o)
 .text._FAT_directory_incrementDirEntryPosition
                0x000000000200aa38       0x80 C:/devkitPro/libnds/lib\libfat.a(directory.o)
 .text._FAT_directory_mbsncasecmp
                0x000000000200aab8       0xa8 C:/devkitPro/libnds/lib\libfat.a(directory.o)
 .text._FAT_directory_ucs2tombs.constprop.0
                0x000000000200ab60       0x90 C:/devkitPro/libnds/lib\libfat.a(directory.o)
 .text._FAT_directory_entryGetCluster
                0x000000000200abf0       0x20 C:/devkitPro/libnds/lib\libfat.a(directory.o)
                0x000000000200abf0                _FAT_directory_entryGetCluster
 .text._FAT_directory_getNextEntry
                0x000000000200ac10      0x23c C:/devkitPro/libnds/lib\libfat.a(directory.o)
                0x000000000200ac10                _FAT_directory_getNextEntry
 .text._FAT_directory_entryExists
                0x000000000200ae4c       0x80 C:/devkitPro/libnds/lib\libfat.a(directory.o)
 .text._FAT_directory_getFirstEntry
                0x000000000200aecc       0x20 C:/devkitPro/libnds/lib\libfat.a(directory.o)
                0x000000000200aecc                _FAT_directory_getFirstEntry
 .text._FAT_directory_getRootEntry
                0x000000000200aeec       0x60 C:/devkitPro/libnds/lib\libfat.a(directory.o)
                0x000000000200aeec                _FAT_directory_getRootEntry
 .text._FAT_directory_entryFromPosition
                0x000000000200af4c      0x150 C:/devkitPro/libnds/lib\libfat.a(directory.o)
                0x000000000200af4c                _FAT_directory_entryFromPosition
 .text._FAT_directory_entryFromPath
                0x000000000200b09c      0x248 C:/devkitPro/libnds/lib\libfat.a(directory.o)
                0x000000000200b09c                _FAT_directory_entryFromPath
 .text._FAT_directory_removeEntry
                0x000000000200b2e4       0xd8 C:/devkitPro/libnds/lib\libfat.a(directory.o)
                0x000000000200b2e4                _FAT_directory_removeEntry
 .text._FAT_directory_addEntry
                0x000000000200b3bc      0x808 C:/devkitPro/libnds/lib\libfat.a(directory.o)
                0x000000000200b3bc                _FAT_directory_addEntry
 .text._FAT_directory_chdir
                0x000000000200bbc4       0x3c C:/devkitPro/libnds/lib\libfat.a(directory.o)
                0x000000000200bbc4                _FAT_directory_chdir
 .text._FAT_directory_entryStat
                0x000000000200bc00       0xe4 C:/devkitPro/libnds/lib\libfat.a(directory.o)
                0x000000000200bc00                _FAT_directory_entryStat
 .text.isValidMBR
                0x000000000200bce4       0x5c C:/devkitPro/libnds/lib\libfat.a(partition.o)
 .text._FAT_updateFS_INFO
                0x000000000200bd40       0x54 C:/devkitPro/libnds/lib\libfat.a(partition.o)
 .text.FindFirstValidPartition_buf.part.0
                0x000000000200bd94      0x11c C:/devkitPro/libnds/lib\libfat.a(partition.o)
 .text._FAT_partition_getPartitionFromPath
                0x000000000200beb0       0x10 C:/devkitPro/libnds/lib\libfat.a(partition.o)
                0x000000000200beb0                _FAT_partition_getPartitionFromPath
 .text._FAT_partition_createFSinfo
                0x000000000200bec0       0x50 C:/devkitPro/libnds/lib\libfat.a(partition.o)
                0x000000000200bec0                _FAT_partition_createFSinfo
 .text._FAT_partition_readFSinfo.part.0
                0x000000000200bf10       0x74 C:/devkitPro/libnds/lib\libfat.a(partition.o)
 .text._FAT_partition_constructor_buf
                0x000000000200bf84      0x2e8 C:/devkitPro/libnds/lib\libfat.a(partition.o)
                0x000000000200bf84                _FAT_partition_constructor_buf
 .text._FAT_partition_constructor
                0x000000000200c26c       0x40 C:/devkitPro/libnds/lib\libfat.a(partition.o)
                0x000000000200c26c                _FAT_partition_constructor
 .text._FAT_partition_readFSinfo
                0x000000000200c2ac       0x10 C:/devkitPro/libnds/lib\libfat.a(partition.o)
                0x000000000200c2ac                _FAT_partition_readFSinfo
 .text._FAT_lock_init
                0x000000000200c2bc        0x4 C:/devkitPro/libnds/lib\libfat.a(lock.o)
                0x000000000200c2bc                _FAT_lock_init
 .text._FAT_lock
                0x000000000200c2c0        0x4 C:/devkitPro/libnds/lib\libfat.a(lock.o)
                0x000000000200c2c0                _FAT_lock
 .text._FAT_unlock
                0x000000000200c2c4        0x4 C:/devkitPro/libnds/lib\libfat.a(lock.o)
                0x000000000200c2c4                _FAT_unlock
 .text._FAT_filetime_getTimeFromRTC
                0x000000000200c2c8       0x44 C:/devkitPro/libnds/lib\libfat.a(filetime.o)
                0x000000000200c2c8                _FAT_filetime_getTimeFromRTC
 .text._FAT_filetime_getDateFromRTC
                0x000000000200c30c       0x44 C:/devkitPro/libnds/lib\libfat.a(filetime.o)
                0x000000000200c30c                _FAT_filetime_getDateFromRTC
 .text._FAT_filetime_to_time_t
                0x000000000200c350       0x38 C:/devkitPro/libnds/lib\libfat.a(filetime.o)
                0x000000000200c350                _FAT_filetime_to_time_t
 .text._FAT_fat_writeFatEntry.part.0.isra.0
                0x000000000200c388      0x12c C:/devkitPro/libnds/lib\libfat.a(file_allocation_table.o)
 .text._FAT_fat_nextCluster
                0x000000000200c4b4      0x108 C:/devkitPro/libnds/lib\libfat.a(file_allocation_table.o)
                0x000000000200c4b4                _FAT_fat_nextCluster
 .text._FAT_fat_linkFreeCluster
                0x000000000200c5bc       0xac C:/devkitPro/libnds/lib\libfat.a(file_allocation_table.o)
                0x000000000200c5bc                _FAT_fat_linkFreeCluster
 .text._FAT_fat_linkFreeClusterCleared
                0x000000000200c668       0x68 C:/devkitPro/libnds/lib\libfat.a(file_allocation_table.o)
                0x000000000200c668                _FAT_fat_linkFreeClusterCleared
 .text._FAT_fat_clearLinks
                0x000000000200c6d0       0x7c C:/devkitPro/libnds/lib\libfat.a(file_allocation_table.o)
                0x000000000200c6d0                _FAT_fat_clearLinks
 .text._FAT_fat_trimChain
                0x000000000200c74c       0x80 C:/devkitPro/libnds/lib\libfat.a(file_allocation_table.o)
                0x000000000200c74c                _FAT_fat_trimChain
 .text._FAT_fat_lastCluster
                0x000000000200c7cc       0x34 C:/devkitPro/libnds/lib\libfat.a(file_allocation_table.o)
                0x000000000200c7cc                _FAT_fat_lastCluster
 .text._FAT_fat_freeClusterCount
                0x000000000200c800       0x2c C:/devkitPro/libnds/lib\libfat.a(file_allocation_table.o)
                0x000000000200c800                _FAT_fat_freeClusterCount
 .text.setBrightness
                0x000000000200c82c       0x40 C:/devkitPro/libnds/lib\libnds9.a(video.o)
                0x000000000200c82c                setBrightness
 .text.vramDefault
                0x000000000200c86c       0xd0 C:/devkitPro/libnds/lib\libnds9.a(video.o)
                0x000000000200c86c                vramDefault
 .text.touchRead
                0x000000000200c93c       0x24 C:/devkitPro/libnds/lib\libnds9.a(touch.o)
                0x000000000200c93c                touchRead
 .text.newRow   0x000000000200c960       0xb0 C:/devkitPro/libnds/lib\libnds9.a(console.o)
 .text.consolePrintChar
                0x000000000200ca10       0xec C:/devkitPro/libnds/lib\libnds9.a(console.o)
                0x000000000200ca10                consolePrintChar
 .text.con_write
                0x000000000200cafc      0x374 C:/devkitPro/libnds/lib\libnds9.a(console.o)
                0x000000000200cafc                con_write
 .text.consoleLoadFont
                0x000000000200ce70      0x2a8 C:/devkitPro/libnds/lib\libnds9.a(console.o)
                0x000000000200ce70                consoleLoadFont
 .text.consoleInit
                0x000000000200d118      0x194 C:/devkitPro/libnds/lib\libnds9.a(console.o)
                0x000000000200d118                consoleInit
 .text.consoleDemoInit
                0x000000000200d2ac       0x40 C:/devkitPro/libnds/lib\libnds9.a(console.o)
                0x000000000200d2ac                consoleDemoInit
 .text.consoleClear
                0x000000000200d2ec       0x10 C:/devkitPro/libnds/lib\libnds9.a(console.o)
                0x000000000200d2ec                consoleClear
 .text.swapKeyGfx.part.0
                0x000000000200d2fc      0x144 C:/devkitPro/libnds/lib\libnds9.a(keyboard.o)
 .text.keyboardGetKey
                0x000000000200d440       0x4c C:/devkitPro/libnds/lib\libnds9.a(keyboard.o)
                0x000000000200d440                keyboardGetKey
 .text.keyboardShiftState
                0x000000000200d48c       0x98 C:/devkitPro/libnds/lib\libnds9.a(keyboard.o)
                0x000000000200d48c                keyboardShiftState
 .text.keyboardUpdate
                0x000000000200d524      0x138 C:/devkitPro/libnds/lib\libnds9.a(keyboard.o)
                0x000000000200d524                keyboardUpdate
 .text.keyboardInit
                0x000000000200d65c      0x208 C:/devkitPro/libnds/lib\libnds9.a(keyboard.o)
                0x000000000200d65c                keyboardInit
 .text.keyboardDemoInit
                0x000000000200d864       0x2c C:/devkitPro/libnds/lib\libnds9.a(keyboard.o)
                0x000000000200d864                keyboardDemoInit
 .text.keyboardShow
                0x000000000200d890       0xdc C:/devkitPro/libnds/lib\libnds9.a(keyboard.o)
                0x000000000200d890                keyboardShow
 .text.keyboardHide
                0x000000000200d96c       0x90 C:/devkitPro/libnds/lib\libnds9.a(keyboard.o)
                0x000000000200d96c                keyboardHide
 .text.keyboardRead
                0x000000000200d9fc       0xc0 C:/devkitPro/libnds/lib\libnds9.a(keyboard.o)
                0x000000000200d9fc                keyboardRead
 .text.oamRotateScale
                0x000000000200dabc       0x4c C:/devkitPro/libnds/lib\libnds9.a(sprite.o)
                0x000000000200dabc                oamRotateScale
 .text.scanKeys
                0x000000000200db08       0x8c C:/devkitPro/libnds/lib\libnds9.a(keys.o)
                0x000000000200db08                scanKeys
 .text.keysDown
                0x000000000200db94       0x14 C:/devkitPro/libnds/lib\libnds9.a(keys.o)
                0x000000000200db94                keysDown
 .text.keysCurrent
                0x000000000200dba8       0x38 C:/devkitPro/libnds/lib\libnds9.a(keys.o)
                0x000000000200dba8                keysCurrent
 .text.dldiGetInternal
                0x000000000200dbe0       0x34 C:/devkitPro/libnds/lib\libnds9.a(dldi.o)
                0x000000000200dbe0                dldiGetInternal
 .text.get_io_dsisd
                0x000000000200dc14       0x24 C:/devkitPro/libnds/lib\libnds9.a(dldi.o)
                0x000000000200dc14                get_io_dsisd
 .text.initSystem
                0x000000000200dc38      0x198 C:/devkitPro/libnds/lib\libnds9.a(initSystem.o)
                0x000000000200dc38                initSystem
 .text.__libnds_gtod
                0x000000000200ddd0       0x28 C:/devkitPro/libnds/lib\libnds9.a(timeSupport.o)
                0x000000000200ddd0                __libnds_gtod
 .text.irqDummy
                0x000000000200ddf8        0x4 C:/devkitPro/libnds/lib\libnds9.a(interrupts.o)
                0x000000000200ddf8                irqDummy
 .text.irqSet   0x000000000200ddfc       0x6c C:/devkitPro/libnds/lib\libnds9.a(interrupts.o)
                0x000000000200ddfc                irqSet
 .text.irqInit  0x000000000200de68       0x50 C:/devkitPro/libnds/lib\libnds9.a(interrupts.o)
                0x000000000200de68                irqInit
 .text.irqEnable
                0x000000000200deb8       0x64 C:/devkitPro/libnds/lib\libnds9.a(interrupts.o)
                0x000000000200deb8                irqEnable
 .text.systemErrorExit
                0x000000000200df1c        0x4 C:/devkitPro/libnds/lib\libnds9.a(libnds_exit.arm.o)
                0x000000000200df1c                systemErrorExit
 .text.__libnds_exit
                0x000000000200df20       0x5c C:/devkitPro/libnds/lib\libnds9.a(libnds_exit.arm.o)
                0x000000000200df20                __libnds_exit
 .text.cardPolledTransfer
                0x000000000200df7c       0x54 C:/devkitPro/libnds/lib\libnds9.a(card.o)
                0x000000000200df7c                cardPolledTransfer
 .text.cardParamCommand
                0x000000000200dfd0       0x34 C:/devkitPro/libnds/lib\libnds9.a(card.o)
                0x000000000200dfd0                cardParamCommand
 .text.fifo_queueBlock
                0x000000000200e004       0x44 C:/devkitPro/libnds/lib\libnds9.a(fifosystem.o)
 .text.fifo_waitBlock
                0x000000000200e048       0x80 C:/devkitPro/libnds/lib\libnds9.a(fifosystem.o)
 .text.fifoInternalSend.part.0
                0x000000000200e0c8       0xd4 C:/devkitPro/libnds/lib\libnds9.a(fifosystem.o)
 .text.fifoInternalSendInterrupt
                0x000000000200e19c       0xa8 C:/devkitPro/libnds/lib\libnds9.a(fifosystem.o)
 .text.fifoSetValue32Handler
                0x000000000200e244       0xd8 C:/devkitPro/libnds/lib\libnds9.a(fifosystem.o)
                0x000000000200e244                fifoSetValue32Handler
 .text.fifoSendValue32
                0x000000000200e31c       0x4c C:/devkitPro/libnds/lib\libnds9.a(fifosystem.o)
                0x000000000200e31c                fifoSendValue32
 .text.fifoSendDatamsg
                0x000000000200e368       0x90 C:/devkitPro/libnds/lib\libnds9.a(fifosystem.o)
                0x000000000200e368                fifoSendDatamsg
 .text.fifoGetValue32
                0x000000000200e3f8       0x70 C:/devkitPro/libnds/lib\libnds9.a(fifosystem.o)
                0x000000000200e3f8                fifoGetValue32
 .text.fifoGetDatamsg
                0x000000000200e468       0xf4 C:/devkitPro/libnds/lib\libnds9.a(fifosystem.o)
                0x000000000200e468                fifoGetDatamsg
 .text.fifoInternalRecvInterrupt
                0x000000000200e55c      0x380 C:/devkitPro/libnds/lib\libnds9.a(fifosystem.o)
 .text.fifoSetDatamsgHandler
                0x000000000200e8dc       0x9c C:/devkitPro/libnds/lib\libnds9.a(fifosystem.o)
                0x000000000200e8dc                fifoSetDatamsgHandler
 .text.fifoCheckValue32
                0x000000000200e978       0x24 C:/devkitPro/libnds/lib\libnds9.a(fifosystem.o)
                0x000000000200e978                fifoCheckValue32
 .text.fifoInit
                0x000000000200e99c       0xf8 C:/devkitPro/libnds/lib\libnds9.a(fifosystem.o)
                0x000000000200e99c                fifoInit
 .text.DC_FlushRange
                0x000000000200ea94       0x24 C:/devkitPro/libnds/lib\libnds9.a(dcache.o)
                0x000000000200ea94                DC_FlushRange
 .text.DC_InvalidateRange
                0x000000000200eab8       0x2c C:/devkitPro/libnds/lib\libnds9.a(dcache.o)
                0x000000000200eab8                DC_InvalidateRange
 .text.__libnds_mpu_setup
                0x000000000200eae4      0x174 C:/devkitPro/libnds/lib\libnds9.a(mpu_setup.o)
                0x000000000200eae4                __libnds_mpu_setup
 .text.memUncached
                0x000000000200ec58       0x20 C:/devkitPro/libnds/lib\libnds9.a(mpu_setup.o)
                0x000000000200ec58                memUncached
 .text.swiWaitForVBlank
                0x000000000200ec78        0x8 C:/devkitPro/libnds/lib\libnds9.a(IntrWait.o)
                0x000000000200ec78                swiWaitForVBlank
 .text.swiIntrWait
                0x000000000200ec80       0x70 C:/devkitPro/libnds/lib\libnds9.a(IntrWait.o)
                0x000000000200ec80                swiIntrWait
 .text.setCpuClock
                0x000000000200ecf0       0x50 C:/devkitPro/libnds/lib\libnds9.a(cpu_clock.o)
                0x000000000200ecf0                setCpuClock
 .text.swiSoftReset
                0x000000000200ed40       0x2c C:/devkitPro/libnds/lib\libnds9.a(swiSoftReset.o)
                0x000000000200ed40                swiSoftReset
 .text.swiDelay
                0x000000000200ed6c        0x4 C:/devkitPro/libnds/lib\libnds9.a(biosCalls.o)
                0x000000000200ed6c                swiDelay
 .text.swiDecompressLZSSWram
                0x000000000200ed70        0x4 C:/devkitPro/libnds/lib\libnds9.a(biosCalls.o)
                0x000000000200ed70                swiDecompressLZSSWram
 .text.swiDecompressLZSSVramNTR
                0x000000000200ed74        0x4 C:/devkitPro/libnds/lib\libnds9.a(biosCalls.o)
                0x000000000200ed74                swiDecompressLZSSVramNTR
 .text.swiDecompressLZSSVramTWL
                0x000000000200ed78        0x4 C:/devkitPro/libnds/lib\libnds9.a(biosCalls.o)
                0x000000000200ed78                swiDecompressLZSSVramTWL
 .text.swiDecompressHuffman
                0x000000000200ed7c        0x4 C:/devkitPro/libnds/lib\libnds9.a(biosCalls.o)
                0x000000000200ed7c                swiDecompressHuffman
 .text.swiDecompressRLEWram
                0x000000000200ed80        0x4 C:/devkitPro/libnds/lib\libnds9.a(biosCalls.o)
                0x000000000200ed80                swiDecompressRLEWram
 .text.swiDecompressRLEVram
                0x000000000200ed84        0x4 C:/devkitPro/libnds/lib\libnds9.a(biosCalls.o)
                0x000000000200ed84                swiDecompressRLEVram
 .text.checkIfText
                0x000000000200ed88       0x5c C:/devkitPro/libnds/lib\libnds9.a(background.o)
                0x000000000200ed88                checkIfText
 .text.bgUpdate
                0x000000000200ede4       0xf4 C:/devkitPro/libnds/lib\libnds9.a(background.o)
                0x000000000200ede4                bgUpdate
 .text.bgInit_call
                0x000000000200eed8       0xc4 C:/devkitPro/libnds/lib\libnds9.a(background.o)
                0x000000000200eed8                bgInit_call
 .text.bgInitSub_call
                0x000000000200ef9c       0xcc C:/devkitPro/libnds/lib\libnds9.a(background.o)
                0x000000000200ef9c                bgInitSub_call
 .text.systemValueHandler
                0x000000000200f068       0x48 C:/devkitPro/libnds/lib\libnds9.a(system.o)
                0x000000000200f068                systemValueHandler
 .text.systemMsgHandler
                0x000000000200f0b0       0x60 C:/devkitPro/libnds/lib\libnds9.a(system.o)
                0x000000000200f0b0                systemMsgHandler
 .text.powerOn  0x000000000200f110       0x2c C:/devkitPro/libnds/lib\libnds9.a(system.o)
                0x000000000200f110                powerOn
 .text.getHeader
                0x000000000200f13c        0x4 C:/devkitPro/libnds/lib\libnds9.a(decompress.o)
 .text.readByte
                0x000000000200f140        0x4 C:/devkitPro/libnds/lib\libnds9.a(decompress.o)
 .text.decompress
                0x000000000200f144       0x40 C:/devkitPro/libnds/lib\libnds9.a(decompress.o)
                0x000000000200f144                decompress
 .text.sinLutLookup
                0x000000000200f184       0x38 C:/devkitPro/libnds/lib\libnds9.a(trig.o)
                0x000000000200f184                sinLutLookup
 .text.sinLerp  0x000000000200f1bc       0x40 C:/devkitPro/libnds/lib\libnds9.a(trig.o)
                0x000000000200f1bc                sinLerp
 .text.cosLerp  0x000000000200f1fc       0x4c C:/devkitPro/libnds/lib\libnds9.a(trig.o)
                0x000000000200f1fc                cosLerp
 .text.swiDecompressLZSSVram
                0x000000000200f248       0x1c C:/devkitPro/libnds/lib\libnds9.a(syscalls.o)
                0x000000000200f248                swiDecompressLZSSVram
 .text.__muldi3
                0x000000000200f264       0x54 c:/devkitpro/devkitarm/bin/../lib/gcc/arm-none-eabi/11.1.0/thumb\libgcc.a(_muldi3.o)
                0x000000000200f264                __muldi3
                0x000000000200f264                __aeabi_lmul
 .text.__udivmoddi4
                0x000000000200f2b8      0x19c c:/devkitpro/devkitarm/bin/../lib/gcc/arm-none-eabi/11.1.0/thumb\libgcc.a(_udivmoddi4.o)
                0x000000000200f2b8                __udivmoddi4
 .text.calloc   0x000000000200f454       0x18 c:/devkitpro/devkitarm/bin/../lib/gcc/arm-none-eabi/11.1.0/../../../../arm-none-eabi/lib/thumb\libg.a(lib_a-calloc.o)
                0x000000000200f454                calloc
 .text._calloc_r
                0x000000000200f46c       0xb0 c:/devkitpro/devkitarm/bin/../lib/gcc/arm-none-eabi/11.1.0/../../../../arm-none-eabi/lib/thumb\libg.a(lib_a-callocr.o)
                0x000000000200f46c                _calloc_r
 .text.__errno  0x000000000200f51c        0xc c:/devkitpro/devkitarm/bin/../lib/gcc/arm-none-eabi/11.1.0/../../../../arm-none-eabi/lib/thumb\libg.a(lib_a-errno.o)
                0x000000000200f51c                __errno
 .text._fclose_r
                0x000000000200f528       0xe8 c:/devkitpro/devkitarm/bin/../lib/gcc/arm-none-eabi/11.1.0/../../../../arm-none-eabi/lib/thumb\libg.a(lib_a-fclose.o)
                0x000000000200f528                _fclose_r
 .text.fclose   0x000000000200f610       0x14 c:/devkitpro/devkitarm/bin/../lib/gcc/arm-none-eabi/11.1.0/../../../../arm-none-eabi/lib/thumb\libg.a(lib_a-fclose.o)
                0x000000000200f610                fclose
 .text.__sflush_r
                0x000000000200f624      0x1c0 c:/devkitpro/devkitarm/bin/../lib/gcc/arm-none-eabi/11.1.0/../../../../arm-none-eabi/lib/thumb\libg.a(lib_a-fflush.o)
                0x000000000200f624                __sflush_r
 .text._fflush_r
                0x000000000200f7e4       0x70 c:/devkitpro/devkitarm/bin/../lib/gcc/arm-none-eabi/11.1.0/../../../../arm-none-eabi/lib/thumb\libg.a(lib_a-fflush.o)
                0x000000000200f7e4                _fflush_r
 .text.fflush   0x000000000200f854       0x2c c:/devkitpro/devkitarm/bin/../lib/gcc/arm-none-eabi/11.1.0/../../../../arm-none-eabi/lib/thumb\libg.a(lib_a-fflush.o)
                0x000000000200f854                fflush
 .text._cleanup_r
                0x000000000200f880       0x14 c:/devkitpro/devkitarm/bin/../lib/gcc/arm-none-eabi/11.1.0/../../../../arm-none-eabi/lib/thumb\libg.a(lib_a-findfp.o)
                0x000000000200f880                _cleanup_r
 .text.__sinit  0x000000000200f894      0x124 c:/devkitpro/devkitarm/bin/../lib/gcc/arm-none-eabi/11.1.0/../../../../arm-none-eabi/lib/thumb\libg.a(lib_a-findfp.o)
                0x000000000200f894                __sinit
 .text.__sfp    0x000000000200f9b8       0xdc c:/devkitpro/devkitarm/bin/../lib/gcc/arm-none-eabi/11.1.0/../../../../arm-none-eabi/lib/thumb\libg.a(lib_a-findfp.o)
                0x000000000200f9b8                __sfp
 .text.__sfp_lock_acquire
                0x000000000200fa94       0x14 c:/devkitpro/devkitarm/bin/../lib/gcc/arm-none-eabi/11.1.0/../../../../arm-none-eabi/lib/thumb\libg.a(lib_a-findfp.o)
                0x000000000200fa94                __sfp_lock_acquire
 .text.__sfp_lock_release
                0x000000000200faa8       0x14 c:/devkitpro/devkitarm/bin/../lib/gcc/arm-none-eabi/11.1.0/../../../../arm-none-eabi/lib/thumb\libg.a(lib_a-findfp.o)
                0x000000000200faa8                __sfp_lock_release
 .text._fopen_r
                0x000000000200fabc       0xb8 c:/devkitpro/devkitarm/bin/../lib/gcc/arm-none-eabi/11.1.0/../../../../arm-none-eabi/lib/thumb\libg.a(lib_a-fopen.o)
                0x000000000200fabc                _fopen_r
 .text.fopen    0x000000000200fb74       0x18 c:/devkitpro/devkitarm/bin/../lib/gcc/arm-none-eabi/11.1.0/../../../../arm-none-eabi/lib/thumb\libg.a(lib_a-fopen.o)
                0x000000000200fb74                fopen
 .text._fread_r
                0x000000000200fb8c      0x1f4 c:/devkitpro/devkitarm/bin/../lib/gcc/arm-none-eabi/11.1.0/../../../../arm-none-eabi/lib/thumb\libg.a(lib_a-fread.o)
                0x000000000200fb8c                _fread_r
 .text.fread    0x000000000200fd80       0x24 c:/devkitpro/devkitarm/bin/../lib/gcc/arm-none-eabi/11.1.0/../../../../arm-none-eabi/lib/thumb\libg.a(lib_a-fread.o)
                0x000000000200fd80                fread
 .text._malloc_trim_r
                0x000000000200fda4       0xa0 c:/devkitpro/devkitarm/bin/../lib/gcc/arm-none-eabi/11.1.0/../../../../arm-none-eabi/lib/thumb\libg.a(lib_a-freer.o)
                0x000000000200fda4                _malloc_trim_r
 .text._free_r  0x000000000200fe44      0x1d8 c:/devkitpro/devkitarm/bin/../lib/gcc/arm-none-eabi/11.1.0/../../../../arm-none-eabi/lib/thumb\libg.a(lib_a-freer.o)
                0x000000000200fe44                _free_r
 .text._fseek_r
                0x000000000201001c       0x18 c:/devkitpro/devkitarm/bin/../lib/gcc/arm-none-eabi/11.1.0/../../../../arm-none-eabi/lib/thumb\libg.a(lib_a-fseek.o)
                0x000000000201001c                _fseek_r
 .text.fseek    0x0000000002010034       0x24 c:/devkitpro/devkitarm/bin/../lib/gcc/arm-none-eabi/11.1.0/../../../../arm-none-eabi/lib/thumb\libg.a(lib_a-fseek.o)
                0x0000000002010034                fseek
 .text._fseeko_r
                0x0000000002010058      0x41c c:/devkitpro/devkitarm/bin/../lib/gcc/arm-none-eabi/11.1.0/../../../../arm-none-eabi/lib/thumb\libg.a(lib_a-fseeko.o)
                0x0000000002010058                _fseeko_r
 .text.ftell    0x0000000002010474       0x24 c:/devkitpro/devkitarm/bin/../lib/gcc/arm-none-eabi/11.1.0/../../../../arm-none-eabi/lib/thumb\libg.a(lib_a-ftell.o)
                0x0000000002010474                ftell
 .text._ftello_r
                0x0000000002010498      0x11c c:/devkitpro/devkitarm/bin/../lib/gcc/arm-none-eabi/11.1.0/../../../../arm-none-eabi/lib/thumb\libg.a(lib_a-ftello.o)
                0x0000000002010498                _ftello_r
 .text._fwalk   0x00000000020105b4       0x48 c:/devkitpro/devkitarm/bin/../lib/gcc/arm-none-eabi/11.1.0/../../../../arm-none-eabi/lib/thumb\libg.a(lib_a-fwalk.o)
                0x00000000020105b4                _fwalk
 .text._fwalk_reent
                0x00000000020105fc       0x50 c:/devkitpro/devkitarm/bin/../lib/gcc/arm-none-eabi/11.1.0/../../../../arm-none-eabi/lib/thumb\libg.a(lib_a-fwalk.o)
                0x00000000020105fc                _fwalk_reent
 .text.__libc_init_array
                0x000000000201064c       0x50 c:/devkitpro/devkitarm/bin/../lib/gcc/arm-none-eabi/11.1.0/../../../../arm-none-eabi/lib/thumb\libg.a(lib_a-init.o)
                0x000000000201064c                __libc_init_array
 .text.iprintf  0x000000000201069c       0x24 c:/devkitpro/devkitarm/bin/../lib/gcc/arm-none-eabi/11.1.0/../../../../arm-none-eabi/lib/thumb\libg.a(lib_a-iprintf.o)
                0x000000000201069c                iprintf
 .text.localtime_r
                0x00000000020106c0      0x244 c:/devkitpro/devkitarm/bin/../lib/gcc/arm-none-eabi/11.1.0/../../../../arm-none-eabi/lib/thumb\libg.a(lib_a-lcltime_r.o)
                0x00000000020106c0                localtime_r
 .text.__locale_mb_cur_max
                0x0000000002010904       0x10 c:/devkitpro/devkitarm/bin/../lib/gcc/arm-none-eabi/11.1.0/../../../../arm-none-eabi/lib/thumb\libg.a(lib_a-locale.o)
                0x0000000002010904                __locale_mb_cur_max
 .text.__smakebuf_r
                0x0000000002010914       0xec c:/devkitpro/devkitarm/bin/../lib/gcc/arm-none-eabi/11.1.0/../../../../arm-none-eabi/lib/thumb\libg.a(lib_a-makebuf.o)
                0x0000000002010914                __smakebuf_r
 .text.__swhatbuf_r
                0x0000000002010a00       0x5c c:/devkitpro/devkitarm/bin/../lib/gcc/arm-none-eabi/11.1.0/../../../../arm-none-eabi/lib/thumb\libg.a(lib_a-makebuf.o)
                0x0000000002010a00                __swhatbuf_r
 .text.malloc   0x0000000002010a5c       0x14 c:/devkitpro/devkitarm/bin/../lib/gcc/arm-none-eabi/11.1.0/../../../../arm-none-eabi/lib/thumb\libg.a(lib_a-malloc.o)
                0x0000000002010a5c                malloc
 .text.free     0x0000000002010a70       0x14 c:/devkitpro/devkitarm/bin/../lib/gcc/arm-none-eabi/11.1.0/../../../../arm-none-eabi/lib/thumb\libg.a(lib_a-malloc.o)
                0x0000000002010a70                free
 .text._malloc_r
                0x0000000002010a84      0x58c c:/devkitpro/devkitarm/bin/../lib/gcc/arm-none-eabi/11.1.0/../../../../arm-none-eabi/lib/thumb\libg.a(lib_a-mallocr.o)
                0x0000000002010a84                _malloc_r
 .text._mbrtowc_r
                0x0000000002011010       0x60 c:/devkitpro/devkitarm/bin/../lib/gcc/arm-none-eabi/11.1.0/../../../../arm-none-eabi/lib/thumb\libg.a(lib_a-mbrtowc.o)
                0x0000000002011010                _mbrtowc_r
 .text.mbrtowc  0x0000000002011070       0x7c c:/devkitpro/devkitarm/bin/../lib/gcc/arm-none-eabi/11.1.0/../../../../arm-none-eabi/lib/thumb\libg.a(lib_a-mbrtowc.o)
                0x0000000002011070                mbrtowc
 .text.mbsrtowcs
                0x00000000020110ec       0x28 c:/devkitpro/devkitarm/bin/../lib/gcc/arm-none-eabi/11.1.0/../../../../arm-none-eabi/lib/thumb\libg.a(lib_a-mbsrtowcs.o)
                0x00000000020110ec                mbsrtowcs
 .text.__utf8_mbtowc
                0x0000000002011114      0x294 c:/devkitpro/devkitarm/bin/../lib/gcc/arm-none-eabi/11.1.0/../../../../arm-none-eabi/lib/thumb\libg.a(lib_a-mbtowc_r.o)
                0x0000000002011114                __utf8_mbtowc
 .text.memcmp   0x00000000020113a8       0x4c c:/devkitpro/devkitarm/bin/../lib/gcc/arm-none-eabi/11.1.0/../../../../arm-none-eabi/lib/thumb\libg.a(lib_a-memcmp.o)
                0x00000000020113a8                memcmp
 .text.memcpy   0x00000000020113f4       0xa8 c:/devkitpro/devkitarm/bin/../lib/gcc/arm-none-eabi/11.1.0/../../../../arm-none-eabi/lib/thumb\libg.a(lib_a-memcpy-stub.o)
                0x00000000020113f4                memcpy
 .text.memmove  0x000000000201149c       0xbc c:/devkitpro/devkitarm/bin/../lib/gcc/arm-none-eabi/11.1.0/../../../../arm-none-eabi/lib/thumb\libg.a(lib_a-memmove.o)
                0x000000000201149c                memmove
 .text.memset   0x0000000002011558       0xb0 c:/devkitpro/devkitarm/bin/../lib/gcc/arm-none-eabi/11.1.0/../../../../arm-none-eabi/lib/thumb\libg.a(lib_a-memset.o)
                0x0000000002011558                memset
 .text.validate_structure
                0x0000000002011608      0x1dc c:/devkitpro/devkitarm/bin/../lib/gcc/arm-none-eabi/11.1.0/../../../../arm-none-eabi/lib/thumb\libg.a(lib_a-mktime.o)
 .text.mktime   0x00000000020117e4      0x450 c:/devkitpro/devkitarm/bin/../lib/gcc/arm-none-eabi/11.1.0/../../../../arm-none-eabi/lib/thumb\libg.a(lib_a-mktime.o)
                0x00000000020117e4                mktime
 .text.__malloc_lock
                0x0000000002011c34       0x14 c:/devkitpro/devkitarm/bin/../lib/gcc/arm-none-eabi/11.1.0/../../../../arm-none-eabi/lib/thumb\libg.a(lib_a-mlock.o)
                0x0000000002011c34                __malloc_lock
 .text.__malloc_unlock
                0x0000000002011c48       0x14 c:/devkitpro/devkitarm/bin/../lib/gcc/arm-none-eabi/11.1.0/../../../../arm-none-eabi/lib/thumb\libg.a(lib_a-mlock.o)
                0x0000000002011c48                __malloc_unlock
 .text.realloc  0x0000000002011c5c       0x18 c:/devkitpro/devkitarm/bin/../lib/gcc/arm-none-eabi/11.1.0/../../../../arm-none-eabi/lib/thumb\libg.a(lib_a-realloc.o)
                0x0000000002011c5c                realloc
 .text._realloc_r
                0x0000000002011c74      0x380 c:/devkitpro/devkitarm/bin/../lib/gcc/arm-none-eabi/11.1.0/../../../../arm-none-eabi/lib/thumb\libg.a(lib_a-reallocr.o)
                0x0000000002011c74                _realloc_r
 .text.lflush   0x0000000002011ff4       0x20 c:/devkitpro/devkitarm/bin/../lib/gcc/arm-none-eabi/11.1.0/../../../../arm-none-eabi/lib/thumb\libg.a(lib_a-refill.o)
 .text.__srefill_r
                0x0000000002012014      0x118 c:/devkitpro/devkitarm/bin/../lib/gcc/arm-none-eabi/11.1.0/../../../../arm-none-eabi/lib/thumb\libg.a(lib_a-refill.o)
                0x0000000002012014                __srefill_r
 .text.rewind   0x000000000201212c       0x20 c:/devkitpro/devkitarm/bin/../lib/gcc/arm-none-eabi/11.1.0/../../../../arm-none-eabi/lib/thumb\libg.a(lib_a-rewind.o)
                0x000000000201212c                rewind
 .text.scanf    0x000000000201214c       0x24 c:/devkitpro/devkitarm/bin/../lib/gcc/arm-none-eabi/11.1.0/../../../../arm-none-eabi/lib/thumb\libg.a(lib_a-scanf.o)
                0x000000000201214c                scanf
 .text.setvbuf  0x0000000002012170      0x1ac c:/devkitpro/devkitarm/bin/../lib/gcc/arm-none-eabi/11.1.0/../../../../arm-none-eabi/lib/thumb\libg.a(lib_a-setvbuf.o)
                0x0000000002012170                setvbuf
 .text.siscanf  0x000000000201231c       0x4c c:/devkitpro/devkitarm/bin/../lib/gcc/arm-none-eabi/11.1.0/../../../../arm-none-eabi/lib/thumb\libg.a(lib_a-siscanf.o)
                0x000000000201231c                siscanf
 .text.sprintf  0x0000000002012368       0x40 c:/devkitpro/devkitarm/bin/../lib/gcc/arm-none-eabi/11.1.0/../../../../arm-none-eabi/lib/thumb\libg.a(lib_a-sprintf.o)
                0x0000000002012368                sprintf
 .text.__sread  0x00000000020123a8       0x34 c:/devkitpro/devkitarm/bin/../lib/gcc/arm-none-eabi/11.1.0/../../../../arm-none-eabi/lib/thumb\libg.a(lib_a-stdio.o)
                0x00000000020123a8                __sread
 .text.__seofread
                0x00000000020123dc        0x4 c:/devkitpro/devkitarm/bin/../lib/gcc/arm-none-eabi/11.1.0/../../../../arm-none-eabi/lib/thumb\libg.a(lib_a-stdio.o)
                0x00000000020123dc                __seofread
 .text.__swrite
                0x00000000020123e0       0x4c c:/devkitpro/devkitarm/bin/../lib/gcc/arm-none-eabi/11.1.0/../../../../arm-none-eabi/lib/thumb\libg.a(lib_a-stdio.o)
                0x00000000020123e0                __swrite
 .text.__sseek  0x000000000201242c       0x40 c:/devkitpro/devkitarm/bin/../lib/gcc/arm-none-eabi/11.1.0/../../../../arm-none-eabi/lib/thumb\libg.a(lib_a-stdio.o)
                0x000000000201242c                __sseek
 .text.__sclose
                0x000000000201246c       0x10 c:/devkitpro/devkitarm/bin/../lib/gcc/arm-none-eabi/11.1.0/../../../../arm-none-eabi/lib/thumb\libg.a(lib_a-stdio.o)
                0x000000000201246c                __sclose
 .text.stpcpy   0x000000000201247c       0x50 c:/devkitpro/devkitarm/bin/../lib/gcc/arm-none-eabi/11.1.0/../../../../arm-none-eabi/lib/thumb\libg.a(lib_a-stpcpy.o)
                0x000000000201247c                stpcpy
 .text.strcasecmp
                0x00000000020124cc       0x48 c:/devkitpro/devkitarm/bin/../lib/gcc/arm-none-eabi/11.1.0/../../../../arm-none-eabi/lib/thumb\libg.a(lib_a-strcasecmp.o)
                0x00000000020124cc                strcasecmp
 .text.strchr   0x0000000002012514       0xc8 c:/devkitpro/devkitarm/bin/../lib/gcc/arm-none-eabi/11.1.0/../../../../arm-none-eabi/lib/thumb\libg.a(lib_a-strchr.o)
                0x0000000002012514                strchr
 .text.strcpy   0x00000000020125dc       0x10 c:/devkitpro/devkitarm/bin/../lib/gcc/arm-none-eabi/11.1.0/../../../../arm-none-eabi/lib/thumb\libg.a(lib_a-strcpy.o)
                0x00000000020125dc                strcpy
 .text.strdup   0x00000000020125ec       0x14 c:/devkitpro/devkitarm/bin/../lib/gcc/arm-none-eabi/11.1.0/../../../../arm-none-eabi/lib/thumb\libg.a(lib_a-strdup.o)
                0x00000000020125ec                strdup
 .text._strdup_r
                0x0000000002012600       0x2c c:/devkitpro/devkitarm/bin/../lib/gcc/arm-none-eabi/11.1.0/../../../../arm-none-eabi/lib/thumb\libg.a(lib_a-strdup_r.o)
                0x0000000002012600                _strdup_r
 .text.strlen   0x000000000201262c       0x60 c:/devkitpro/devkitarm/bin/../lib/gcc/arm-none-eabi/11.1.0/../../../../arm-none-eabi/lib/thumb\libg.a(lib_a-strlen-stub.o)
                0x000000000201262c                strlen
 .text.strncasecmp
                0x000000000201268c       0x54 c:/devkitpro/devkitarm/bin/../lib/gcc/arm-none-eabi/11.1.0/../../../../arm-none-eabi/lib/thumb\libg.a(lib_a-strncasecmp.o)
                0x000000000201268c                strncasecmp
 .text.strncmp  0x00000000020126e0       0x78 c:/devkitpro/devkitarm/bin/../lib/gcc/arm-none-eabi/11.1.0/../../../../arm-none-eabi/lib/thumb\libg.a(lib_a-strncmp.o)
                0x00000000020126e0                strncmp
 .text.strncpy  0x0000000002012758       0x74 c:/devkitpro/devkitarm/bin/../lib/gcc/arm-none-eabi/11.1.0/../../../../arm-none-eabi/lib/thumb\libg.a(lib_a-strncpy.o)
                0x0000000002012758                strncpy
 .text.strnlen  0x00000000020127cc       0x28 c:/devkitpro/devkitarm/bin/../lib/gcc/arm-none-eabi/11.1.0/../../../../arm-none-eabi/lib/thumb\libg.a(lib_a-strnlen.o)
                0x00000000020127cc                strnlen
 .text.strpbrk  0x00000000020127f4       0x3c c:/devkitpro/devkitarm/bin/../lib/gcc/arm-none-eabi/11.1.0/../../../../arm-none-eabi/lib/thumb\libg.a(lib_a-strpbrk.o)
                0x00000000020127f4                strpbrk
 .text.strrchr  0x0000000002012830       0x2c c:/devkitpro/devkitarm/bin/../lib/gcc/arm-none-eabi/11.1.0/../../../../arm-none-eabi/lib/thumb\libg.a(lib_a-strrchr.o)
                0x0000000002012830                strrchr
 .text._strtol_l.part.0
                0x000000000201285c      0x144 c:/devkitpro/devkitarm/bin/../lib/gcc/arm-none-eabi/11.1.0/../../../../arm-none-eabi/lib/thumb\libg.a(lib_a-strtol.o)
 .text._strtol_r
                0x00000000020129a0       0x20 c:/devkitpro/devkitarm/bin/../lib/gcc/arm-none-eabi/11.1.0/../../../../arm-none-eabi/lib/thumb\libg.a(lib_a-strtol.o)
                0x00000000020129a0                _strtol_r
 .text.get_arg  0x00000000020129c0       0x32 c:/devkitpro/devkitarm/bin/../lib/gcc/arm-none-eabi/11.1.0/../../../../arm-none-eabi/lib/thumb\libg.a(lib_a-svfiscanf.o)
 .text._sungetc_r
                0x00000000020129f2       0x7e c:/devkitpro/devkitarm/bin/../lib/gcc/arm-none-eabi/11.1.0/../../../../arm-none-eabi/lib/thumb\libg.a(lib_a-svfiscanf.o)
                0x00000000020129f2                _sungetc_r
 .text.__ssrefill_r
                0x0000000002012a70       0x42 c:/devkitpro/devkitarm/bin/../lib/gcc/arm-none-eabi/11.1.0/../../../../arm-none-eabi/lib/thumb\libg.a(lib_a-svfiscanf.o)
                0x0000000002012a70                __ssrefill_r
 .text._sfread_r
                0x0000000002012ab2       0x88 c:/devkitpro/devkitarm/bin/../lib/gcc/arm-none-eabi/11.1.0/../../../../arm-none-eabi/lib/thumb\libg.a(lib_a-svfiscanf.o)
                0x0000000002012ab2                _sfread_r
 *fill*         0x0000000002012b3a        0x2 ff
 .text.__ssvfiscanf_r
                0x0000000002012b3c     0x1a04 c:/devkitpro/devkitarm/bin/../lib/gcc/arm-none-eabi/11.1.0/../../../../arm-none-eabi/lib/thumb\libg.a(lib_a-svfiscanf.o)
                0x0000000002012b3c                __ssvfiscanf_r
 .text.get_arg  0x0000000002014540      0x400 c:/devkitpro/devkitarm/bin/../lib/gcc/arm-none-eabi/11.1.0/../../../../arm-none-eabi/lib/thumb\libg.a(lib_a-svfprintf.o)
 .text._svfprintf_r
                0x0000000002014940     0x22fc c:/devkitpro/devkitarm/bin/../lib/gcc/arm-none-eabi/11.1.0/../../../../arm-none-eabi/lib/thumb\libg.a(lib_a-svfprintf.o)
                0x0000000002014940                _svfprintf_r
 .text.lseek    0x0000000002016c3c       0x24 c:/devkitpro/devkitarm/bin/../lib/gcc/arm-none-eabi/11.1.0/../../../../arm-none-eabi/lib/thumb\libg.a(lib_a-syslseek.o)
                0x0000000002016c3c                lseek
 .text.open     0x0000000002016c60       0x28 c:/devkitpro/devkitarm/bin/../lib/gcc/arm-none-eabi/11.1.0/../../../../arm-none-eabi/lib/thumb\libg.a(lib_a-sysopen.o)
                0x0000000002016c60                open
 .text.read     0x0000000002016c88       0x1c c:/devkitpro/devkitarm/bin/../lib/gcc/arm-none-eabi/11.1.0/../../../../arm-none-eabi/lib/thumb\libg.a(lib_a-sysread.o)
                0x0000000002016c88                read
 .text.time     0x0000000002016ca4       0x34 c:/devkitpro/devkitarm/bin/../lib/gcc/arm-none-eabi/11.1.0/../../../../arm-none-eabi/lib/thumb\libg.a(lib_a-time.o)
                0x0000000002016ca4                time
 .text.towlower
                0x0000000002016cd8       0x10 c:/devkitpro/devkitarm/bin/../lib/gcc/arm-none-eabi/11.1.0/../../../../arm-none-eabi/lib/thumb\libg.a(lib_a-towlower.o)
                0x0000000002016cd8                towlower
 .text.towupper
                0x0000000002016ce8       0x10 c:/devkitpro/devkitarm/bin/../lib/gcc/arm-none-eabi/11.1.0/../../../../arm-none-eabi/lib/thumb\libg.a(lib_a-towupper.o)
                0x0000000002016ce8                towupper
 .text.__tzcalc_limits
                0x0000000002016cf8      0x1b4 c:/devkitpro/devkitarm/bin/../lib/gcc/arm-none-eabi/11.1.0/../../../../arm-none-eabi/lib/thumb\libg.a(lib_a-tzcalc_limits.o)
                0x0000000002016cf8                __tzcalc_limits
 .text.__tz_lock
                0x0000000002016eac       0x14 c:/devkitpro/devkitarm/bin/../lib/gcc/arm-none-eabi/11.1.0/../../../../arm-none-eabi/lib/thumb\libg.a(lib_a-tzlock.o)
                0x0000000002016eac                __tz_lock
 .text.__tz_unlock
                0x0000000002016ec0       0x14 c:/devkitpro/devkitarm/bin/../lib/gcc/arm-none-eabi/11.1.0/../../../../arm-none-eabi/lib/thumb\libg.a(lib_a-tzlock.o)
                0x0000000002016ec0                __tz_unlock
 .text._tzset_unlocked
                0x0000000002016ed4       0x10 c:/devkitpro/devkitarm/bin/../lib/gcc/arm-none-eabi/11.1.0/../../../../arm-none-eabi/lib/thumb\libg.a(lib_a-tzset.o)
                0x0000000002016ed4                _tzset_unlocked
 .text._tzset_unlocked_r
                0x0000000002016ee4      0x370 c:/devkitpro/devkitarm/bin/../lib/gcc/arm-none-eabi/11.1.0/../../../../arm-none-eabi/lib/thumb\libg.a(lib_a-tzset_r.o)
                0x0000000002016ee4                _tzset_unlocked_r
 .text.__submore
                0x0000000002017254       0x88 c:/devkitpro/devkitarm/bin/../lib/gcc/arm-none-eabi/11.1.0/../../../../arm-none-eabi/lib/thumb\libg.a(lib_a-ungetc.o)
                0x0000000002017254                __submore
 .text._ungetc_r
                0x00000000020172dc      0x148 c:/devkitpro/devkitarm/bin/../lib/gcc/arm-none-eabi/11.1.0/../../../../arm-none-eabi/lib/thumb\libg.a(lib_a-ungetc.o)
                0x00000000020172dc                _ungetc_r
 .text.get_arg  0x0000000002017424      0x400 c:/devkitpro/devkitarm/bin/../lib/gcc/arm-none-eabi/11.1.0/../../../../arm-none-eabi/lib/thumb\libg.a(lib_a-vfiprintf.o)
 .text.__sprint_r
                0x0000000002017824       0x24 c:/devkitpro/devkitarm/bin/../lib/gcc/arm-none-eabi/11.1.0/../../../../arm-none-eabi/lib/thumb\libg.a(lib_a-vfiprintf.o)
                0x0000000002017824                __sprint_r
 .text._vfiprintf_r
                0x0000000002017848     0x1710 c:/devkitpro/devkitarm/bin/../lib/gcc/arm-none-eabi/11.1.0/../../../../arm-none-eabi/lib/thumb\libg.a(lib_a-vfiprintf.o)
                0x0000000002017848                _vfiprintf_r
 .text.__sbprintf
                0x0000000002018f58       0x8c c:/devkitpro/devkitarm/bin/../lib/gcc/arm-none-eabi/11.1.0/../../../../arm-none-eabi/lib/thumb\libg.a(lib_a-vfiprintf.o)
 .text.get_arg  0x0000000002018fe4       0x32 c:/devkitpro/devkitarm/bin/../lib/gcc/arm-none-eabi/11.1.0/../../../../arm-none-eabi/lib/thumb\libg.a(lib_a-vfscanf.o)
 *fill*         0x0000000002019016        0x2 ff
 .text.__svfscanf_r
                0x0000000002019018     0x20c4 c:/devkitpro/devkitarm/bin/../lib/gcc/arm-none-eabi/11.1.0/../../../../arm-none-eabi/lib/thumb\libg.a(lib_a-vfscanf.o)
                0x0000000002019018                __svfscanf_r
 .text._vfscanf_r
                0x000000000201b0dc       0x2a c:/devkitpro/devkitarm/bin/../lib/gcc/arm-none-eabi/11.1.0/../../../../arm-none-eabi/lib/thumb\libg.a(lib_a-vfscanf.o)
                0x000000000201b0dc                _vfscanf_r
 *fill*         0x000000000201b106        0x2 ff
 .text._wcrtomb_r
                0x000000000201b108       0x5c c:/devkitpro/devkitarm/bin/../lib/gcc/arm-none-eabi/11.1.0/../../../../arm-none-eabi/lib/thumb\libg.a(lib_a-wcrtomb.o)
                0x000000000201b108                _wcrtomb_r
 .text.wcrtomb  0x000000000201b164       0x74 c:/devkitpro/devkitarm/bin/../lib/gcc/arm-none-eabi/11.1.0/../../../../arm-none-eabi/lib/thumb\libg.a(lib_a-wcrtomb.o)
                0x000000000201b164                wcrtomb
 .text._wcsrtombs_r
                0x000000000201b1d8       0x1c c:/devkitpro/devkitarm/bin/../lib/gcc/arm-none-eabi/11.1.0/../../../../arm-none-eabi/lib/thumb\libg.a(lib_a-wcsrtombs.o)
                0x000000000201b1d8                _wcsrtombs_r
 .text.wctob    0x000000000201b1f4       0x48 c:/devkitpro/devkitarm/bin/../lib/gcc/arm-none-eabi/11.1.0/../../../../arm-none-eabi/lib/thumb\libg.a(lib_a-wctob.o)
                0x000000000201b1f4                wctob
 .text.__utf8_wctomb
                0x000000000201b23c       0xb4 c:/devkitpro/devkitarm/bin/../lib/gcc/arm-none-eabi/11.1.0/../../../../arm-none-eabi/lib/thumb\libg.a(lib_a-wctomb_r.o)
                0x000000000201b23c                __utf8_wctomb
 .text.__swsetup_r
                0x000000000201b2f0       0xe4 c:/devkitpro/devkitarm/bin/../lib/gcc/arm-none-eabi/11.1.0/../../../../arm-none-eabi/lib/thumb\libg.a(lib_a-wsetup.o)
                0x000000000201b2f0                __swsetup_r
 .text.div      0x000000000201b3d4       0x34 c:/devkitpro/devkitarm/bin/../lib/gcc/arm-none-eabi/11.1.0/../../../../arm-none-eabi/lib/thumb\libg.a(lib_a-div.o)
                0x000000000201b3d4                div
 .text.quorem   0x000000000201b408      0x148 c:/devkitpro/devkitarm/bin/../lib/gcc/arm-none-eabi/11.1.0/../../../../arm-none-eabi/lib/thumb\libg.a(lib_a-dtoa.o)
 .text._dtoa_r  0x000000000201b550      0xfc4 c:/devkitpro/devkitarm/bin/../lib/gcc/arm-none-eabi/11.1.0/../../../../arm-none-eabi/lib/thumb\libg.a(lib_a-dtoa.o)
                0x000000000201b550                _dtoa_r
 .text.__sflags
                0x000000000201c514       0xa4 c:/devkitpro/devkitarm/bin/../lib/gcc/arm-none-eabi/11.1.0/../../../../arm-none-eabi/lib/thumb\libg.a(lib_a-flags.o)
                0x000000000201c514                __sflags
 .text.__sfvwrite_r
                0x000000000201c5b8      0x34c c:/devkitpro/devkitarm/bin/../lib/gcc/arm-none-eabi/11.1.0/../../../../arm-none-eabi/lib/thumb\libg.a(lib_a-fvwrite.o)
                0x000000000201c5b8                __sfvwrite_r
 .text._findenv_r
                0x000000000201c904       0x94 c:/devkitpro/devkitarm/bin/../lib/gcc/arm-none-eabi/11.1.0/../../../../arm-none-eabi/lib/thumb\libg.a(lib_a-getenv_r.o)
                0x000000000201c904                _findenv_r
 .text._getenv_r
                0x000000000201c998       0x10 c:/devkitpro/devkitarm/bin/../lib/gcc/arm-none-eabi/11.1.0/../../../../arm-none-eabi/lib/thumb\libg.a(lib_a-getenv_r.o)
                0x000000000201c998                _getenv_r
 .text.__gettzinfo
                0x000000000201c9a8        0x8 c:/devkitpro/devkitarm/bin/../lib/gcc/arm-none-eabi/11.1.0/../../../../arm-none-eabi/lib/thumb\libg.a(lib_a-gettzinfo.o)
                0x000000000201c9a8                __gettzinfo
 .text.gmtime_r
                0x000000000201c9b0      0x1c8 c:/devkitpro/devkitarm/bin/../lib/gcc/arm-none-eabi/11.1.0/../../../../arm-none-eabi/lib/thumb\libg.a(lib_a-gmtime_r.o)
                0x000000000201c9b0                gmtime_r
 .text.iswspace
                0x000000000201cb78       0x10 c:/devkitpro/devkitarm/bin/../lib/gcc/arm-none-eabi/11.1.0/../../../../arm-none-eabi/lib/thumb\libg.a(lib_a-iswspace.o)
                0x000000000201cb78                iswspace
 .text._localeconv_r
                0x000000000201cb88        0x8 c:/devkitpro/devkitarm/bin/../lib/gcc/arm-none-eabi/11.1.0/../../../../arm-none-eabi/lib/thumb\libg.a(lib_a-localeconv.o)
                0x000000000201cb88                _localeconv_r
 .text._mbsnrtowcs_r
                0x000000000201cb90       0xbc c:/devkitpro/devkitarm/bin/../lib/gcc/arm-none-eabi/11.1.0/../../../../arm-none-eabi/lib/thumb\libg.a(lib_a-mbsnrtowcs.o)
                0x000000000201cb90                _mbsnrtowcs_r
 .text.memchr   0x000000000201cc4c       0x78 c:/devkitpro/devkitarm/bin/../lib/gcc/arm-none-eabi/11.1.0/../../../../arm-none-eabi/lib/thumb\libg.a(lib_a-memchr-stub.o)
                0x000000000201cc4c                memchr
 .text._Balloc  0x000000000201ccc4       0x54 c:/devkitpro/devkitarm/bin/../lib/gcc/arm-none-eabi/11.1.0/../../../../arm-none-eabi/lib/thumb\libg.a(lib_a-mprec.o)
                0x000000000201ccc4                _Balloc
 .text._Bfree   0x000000000201cd18       0x14 c:/devkitpro/devkitarm/bin/../lib/gcc/arm-none-eabi/11.1.0/../../../../arm-none-eabi/lib/thumb\libg.a(lib_a-mprec.o)
                0x000000000201cd18                _Bfree
 .text.__multadd
                0x000000000201cd2c       0xac c:/devkitpro/devkitarm/bin/../lib/gcc/arm-none-eabi/11.1.0/../../../../arm-none-eabi/lib/thumb\libg.a(lib_a-mprec.o)
                0x000000000201cd2c                __multadd
 .text.__s2b    0x000000000201cdd8       0xb4 c:/devkitpro/devkitarm/bin/../lib/gcc/arm-none-eabi/11.1.0/../../../../arm-none-eabi/lib/thumb\libg.a(lib_a-mprec.o)
                0x000000000201cdd8                __s2b
 .text.__hi0bits
                0x000000000201ce8c       0x38 c:/devkitpro/devkitarm/bin/../lib/gcc/arm-none-eabi/11.1.0/../../../../arm-none-eabi/lib/thumb\libg.a(lib_a-mprec.o)
                0x000000000201ce8c                __hi0bits
 .text.__lo0bits
                0x000000000201cec4       0x5c c:/devkitpro/devkitarm/bin/../lib/gcc/arm-none-eabi/11.1.0/../../../../arm-none-eabi/lib/thumb\libg.a(lib_a-mprec.o)
                0x000000000201cec4                __lo0bits
 .text.__i2b    0x000000000201cf20       0x64 c:/devkitpro/devkitarm/bin/../lib/gcc/arm-none-eabi/11.1.0/../../../../arm-none-eabi/lib/thumb\libg.a(lib_a-mprec.o)
                0x000000000201cf20                __i2b
 .text.__multiply
                0x000000000201cf84      0x1a8 c:/devkitpro/devkitarm/bin/../lib/gcc/arm-none-eabi/11.1.0/../../../../arm-none-eabi/lib/thumb\libg.a(lib_a-mprec.o)
                0x000000000201cf84                __multiply
 .text.__pow5mult
                0x000000000201d12c       0xd8 c:/devkitpro/devkitarm/bin/../lib/gcc/arm-none-eabi/11.1.0/../../../../arm-none-eabi/lib/thumb\libg.a(lib_a-mprec.o)
                0x000000000201d12c                __pow5mult
 .text.__lshift
                0x000000000201d204      0x104 c:/devkitpro/devkitarm/bin/../lib/gcc/arm-none-eabi/11.1.0/../../../../arm-none-eabi/lib/thumb\libg.a(lib_a-mprec.o)
                0x000000000201d204                __lshift
 .text.__mcmp   0x000000000201d308       0x38 c:/devkitpro/devkitarm/bin/../lib/gcc/arm-none-eabi/11.1.0/../../../../arm-none-eabi/lib/thumb\libg.a(lib_a-mprec.o)
                0x000000000201d308                __mcmp
 .text.__mdiff  0x000000000201d340      0x198 c:/devkitpro/devkitarm/bin/../lib/gcc/arm-none-eabi/11.1.0/../../../../arm-none-eabi/lib/thumb\libg.a(lib_a-mprec.o)
                0x000000000201d340                __mdiff
 .text.__ulp    0x000000000201d4d8       0x3c c:/devkitpro/devkitarm/bin/../lib/gcc/arm-none-eabi/11.1.0/../../../../arm-none-eabi/lib/thumb\libg.a(lib_a-mprec.o)
                0x000000000201d4d8                __ulp
 .text.__b2d    0x000000000201d514       0xb8 c:/devkitpro/devkitarm/bin/../lib/gcc/arm-none-eabi/11.1.0/../../../../arm-none-eabi/lib/thumb\libg.a(lib_a-mprec.o)
                0x000000000201d514                __b2d
 .text.__d2b    0x000000000201d5cc       0xd0 c:/devkitpro/devkitarm/bin/../lib/gcc/arm-none-eabi/11.1.0/../../../../arm-none-eabi/lib/thumb\libg.a(lib_a-mprec.o)
                0x000000000201d5cc                __d2b
 .text.__ratio  0x000000000201d69c       0x6c c:/devkitpro/devkitarm/bin/../lib/gcc/arm-none-eabi/11.1.0/../../../../arm-none-eabi/lib/thumb\libg.a(lib_a-mprec.o)
                0x000000000201d69c                __ratio
 .text.__copybits
                0x000000000201d708       0x44 c:/devkitpro/devkitarm/bin/../lib/gcc/arm-none-eabi/11.1.0/../../../../arm-none-eabi/lib/thumb\libg.a(lib_a-mprec.o)
                0x000000000201d708                __copybits
 .text.__any_on
                0x000000000201d74c       0x50 c:/devkitpro/devkitarm/bin/../lib/gcc/arm-none-eabi/11.1.0/../../../../arm-none-eabi/lib/thumb\libg.a(lib_a-mprec.o)
                0x000000000201d74c                __any_on
 .text.__sccl   0x000000000201d79c       0x90 c:/devkitpro/devkitarm/bin/../lib/gcc/arm-none-eabi/11.1.0/../../../../arm-none-eabi/lib/thumb\libg.a(lib_a-sccl.o)
                0x000000000201d79c                __sccl
 .text.nanf     0x000000000201d82c        0x8 c:/devkitpro/devkitarm/bin/../lib/gcc/arm-none-eabi/11.1.0/../../../../arm-none-eabi/lib/thumb\libg.a(lib_a-sf_nan.o)
                0x000000000201d82c                nanf
 .text.frexp    0x000000000201d834       0x68 c:/devkitpro/devkitarm/bin/../lib/gcc/arm-none-eabi/11.1.0/../../../../arm-none-eabi/lib/thumb\libg.a(lib_a-s_frexp.o)
                0x000000000201d834                frexp
 .text.stpncpy  0x000000000201d89c       0x70 c:/devkitpro/devkitarm/bin/../lib/gcc/arm-none-eabi/11.1.0/../../../../arm-none-eabi/lib/thumb\libg.a(lib_a-stpncpy.o)
                0x000000000201d89c                stpncpy
 .text._strtod_l
                0x000000000201d90c      0xf38 c:/devkitpro/devkitarm/bin/../lib/gcc/arm-none-eabi/11.1.0/../../../../arm-none-eabi/lib/thumb\libg.a(lib_a-strtod.o)
                0x000000000201d90c                _strtod_l
 .text._strtod_r
                0x000000000201e844       0x14 c:/devkitpro/devkitarm/bin/../lib/gcc/arm-none-eabi/11.1.0/../../../../arm-none-eabi/lib/thumb\libg.a(lib_a-strtod.o)
                0x000000000201e844                _strtod_r
 .text._strtoll_l.constprop.0
                0x000000000201e858      0x1a4 c:/devkitpro/devkitarm/bin/../lib/gcc/arm-none-eabi/11.1.0/../../../../arm-none-eabi/lib/thumb\libg.a(lib_a-strtoll.o)
 .text._strtoll_r
                0x000000000201e9fc        0xc c:/devkitpro/devkitarm/bin/../lib/gcc/arm-none-eabi/11.1.0/../../../../arm-none-eabi/lib/thumb\libg.a(lib_a-strtoll.o)
                0x000000000201e9fc                _strtoll_r
 .text._strtoull_l.constprop.0
                0x000000000201ea08      0x1c0 c:/devkitpro/devkitarm/bin/../lib/gcc/arm-none-eabi/11.1.0/../../../../arm-none-eabi/lib/thumb\libg.a(lib_a-strtoull.o)
 .text._strtoull_r
                0x000000000201ebc8        0xc c:/devkitpro/devkitarm/bin/../lib/gcc/arm-none-eabi/11.1.0/../../../../arm-none-eabi/lib/thumb\libg.a(lib_a-strtoull.o)
                0x000000000201ebc8                _strtoull_r
 .text._strtoul_l.constprop.0
                0x000000000201ebd4      0x148 c:/devkitpro/devkitarm/bin/../lib/gcc/arm-none-eabi/11.1.0/../../../../arm-none-eabi/lib/thumb\libg.a(lib_a-strtoul.o)
 .text._strtoul_r
                0x000000000201ed1c        0xc c:/devkitpro/devkitarm/bin/../lib/gcc/arm-none-eabi/11.1.0/../../../../arm-none-eabi/lib/thumb\libg.a(lib_a-strtoul.o)
                0x000000000201ed1c                _strtoul_r
 .text.strtoul  0x000000000201ed28       0x1c c:/devkitpro/devkitarm/bin/../lib/gcc/arm-none-eabi/11.1.0/../../../../arm-none-eabi/lib/thumb\libg.a(lib_a-strtoul.o)
                0x000000000201ed28                strtoul
 .text.__ssprint_r
                0x000000000201ed44      0x124 c:/devkitpro/devkitarm/bin/../lib/gcc/arm-none-eabi/11.1.0/../../../../arm-none-eabi/lib/thumb\libg.a(lib_a-svfiprintf.o)
                0x000000000201ed44                __ssprint_r
 .text.towctrans
                0x000000000201ee68       0x28 c:/devkitpro/devkitarm/bin/../lib/gcc/arm-none-eabi/11.1.0/../../../../arm-none-eabi/lib/thumb\libg.a(lib_a-towctrans.o)
                0x000000000201ee68                towctrans
 .text._wcsnrtombs_l
                0x000000000201ee90      0x110 c:/devkitpro/devkitarm/bin/../lib/gcc/arm-none-eabi/11.1.0/../../../../arm-none-eabi/lib/thumb\libg.a(lib_a-wcsnrtombs.o)
                0x000000000201ee90                _wcsnrtombs_l
 .text._wcsnrtombs_r
                0x000000000201efa0       0x30 c:/devkitpro/devkitarm/bin/../lib/gcc/arm-none-eabi/11.1.0/../../../../arm-none-eabi/lib/thumb\libg.a(lib_a-wcsnrtombs.o)
                0x000000000201efa0                _wcsnrtombs_r
 .text.__assert_func
                0x000000000201efd0       0x40 c:/devkitpro/devkitarm/bin/../lib/gcc/arm-none-eabi/11.1.0/../../../../arm-none-eabi/lib/thumb\libg.a(lib_a-assert.o)
                0x000000000201efd0                __assert_func
 .text.__env_lock
                0x000000000201f010       0x14 c:/devkitpro/devkitarm/bin/../lib/gcc/arm-none-eabi/11.1.0/../../../../arm-none-eabi/lib/thumb\libg.a(lib_a-envlock.o)
                0x000000000201f010                __env_lock
 .text.__env_unlock
                0x000000000201f024       0x14 c:/devkitpro/devkitarm/bin/../lib/gcc/arm-none-eabi/11.1.0/../../../../arm-none-eabi/lib/thumb\libg.a(lib_a-envlock.o)
                0x000000000201f024                __env_unlock
 .text.fiprintf
                0x000000000201f038       0x28 c:/devkitpro/devkitarm/bin/../lib/gcc/arm-none-eabi/11.1.0/../../../../arm-none-eabi/lib/thumb\libg.a(lib_a-fiprintf.o)
                0x000000000201f038                fiprintf
 .text.rshift   0x000000000201f060       0xb0 c:/devkitpro/devkitarm/bin/../lib/gcc/arm-none-eabi/11.1.0/../../../../arm-none-eabi/lib/thumb\libg.a(lib_a-gdtoa-gethex.o)
 .text.__gethex
                0x000000000201f110      0x608 c:/devkitpro/devkitarm/bin/../lib/gcc/arm-none-eabi/11.1.0/../../../../arm-none-eabi/lib/thumb\libg.a(lib_a-gdtoa-gethex.o)
                0x000000000201f110                __gethex
 .text.__match  0x000000000201f718       0x34 c:/devkitpro/devkitarm/bin/../lib/gcc/arm-none-eabi/11.1.0/../../../../arm-none-eabi/lib/thumb\libg.a(lib_a-gdtoa-hexnan.o)
                0x000000000201f718                __match
 .text.__hexnan
                0x000000000201f74c      0x1dc c:/devkitpro/devkitarm/bin/../lib/gcc/arm-none-eabi/11.1.0/../../../../arm-none-eabi/lib/thumb\libg.a(lib_a-gdtoa-hexnan.o)
                0x000000000201f74c                __hexnan
 .text.iswspace_l
                0x000000000201f928       0x2c c:/devkitpro/devkitarm/bin/../lib/gcc/arm-none-eabi/11.1.0/../../../../arm-none-eabi/lib/thumb\libg.a(lib_a-iswspace_l.o)
                0x000000000201f928                iswspace_l
 .text.__jp2uc  0x000000000201f954      0x154 c:/devkitpro/devkitarm/bin/../lib/gcc/arm-none-eabi/11.1.0/../../../../arm-none-eabi/lib/thumb\libg.a(lib_a-jp2uc.o)
 .text._jp2uc_l
                0x000000000201faa8       0x6c c:/devkitpro/devkitarm/bin/../lib/gcc/arm-none-eabi/11.1.0/../../../../arm-none-eabi/lib/thumb\libg.a(lib_a-jp2uc.o)
                0x000000000201faa8                _jp2uc_l
 .text._uc2jp_l
                0x000000000201fb14       0x4c c:/devkitpro/devkitarm/bin/../lib/gcc/arm-none-eabi/11.1.0/../../../../arm-none-eabi/lib/thumb\libg.a(lib_a-jp2uc.o)
                0x000000000201fb14                _uc2jp_l
 .text.nan      0x000000000201fb60        0xc c:/devkitpro/devkitarm/bin/../lib/gcc/arm-none-eabi/11.1.0/../../../../arm-none-eabi/lib/thumb\libg.a(lib_a-s_nan.o)
                0x000000000201fb60                nan
 .text.towctrans_l
                0x000000000201fb6c      0x1b4 c:/devkitpro/devkitarm/bin/../lib/gcc/arm-none-eabi/11.1.0/../../../../arm-none-eabi/lib/thumb\libg.a(lib_a-towctrans_l.o)
                0x000000000201fb6c                towctrans_l
 .text.abort    0x000000000201fd20       0x10 c:/devkitpro/devkitarm/bin/../lib/gcc/arm-none-eabi/11.1.0/../../../../arm-none-eabi/lib/thumb\libg.a(lib_a-abort.o)
                0x000000000201fd20                abort
 .text.category
                0x000000000201fd30       0x54 c:/devkitpro/devkitarm/bin/../lib/gcc/arm-none-eabi/11.1.0/../../../../arm-none-eabi/lib/thumb\libg.a(lib_a-categories.o)
                0x000000000201fd30                category
 .text._raise_r
                0x000000000201fd84       0x64 c:/devkitpro/devkitarm/bin/../lib/gcc/arm-none-eabi/11.1.0/../../../../arm-none-eabi/lib/thumb\libg.a(lib_a-signal.o)
                0x000000000201fd84                _raise_r
 .text.raise    0x000000000201fde8       0x14 c:/devkitpro/devkitarm/bin/../lib/gcc/arm-none-eabi/11.1.0/../../../../arm-none-eabi/lib/thumb\libg.a(lib_a-signal.o)
                0x000000000201fde8                raise
 .text.null_write
                0x000000000201fdfc        0x4 c:/devkitpro/devkitarm/bin/../lib/gcc/arm-none-eabi/11.1.0/../../../../arm-none-eabi/lib/thumb\libsysbase.a(iosupport.o)
 .text.setDefaultDevice
                0x000000000201fe00       0x10 c:/devkitpro/devkitarm/bin/../lib/gcc/arm-none-eabi/11.1.0/../../../../arm-none-eabi/lib/thumb\libsysbase.a(iosupport.o)
                0x000000000201fe00                setDefaultDevice
 .text.FindDevice
                0x000000000201fe10       0x98 c:/devkitpro/devkitarm/bin/../lib/gcc/arm-none-eabi/11.1.0/../../../../arm-none-eabi/lib/thumb\libsysbase.a(iosupport.o)
                0x000000000201fe10                FindDevice
 .text.AddDevice
                0x000000000201fea8       0x78 c:/devkitpro/devkitarm/bin/../lib/gcc/arm-none-eabi/11.1.0/../../../../arm-none-eabi/lib/thumb\libsysbase.a(iosupport.o)
                0x000000000201fea8                AddDevice
 .text.GetDeviceOpTab
                0x000000000201ff20       0x20 c:/devkitpro/devkitarm/bin/../lib/gcc/arm-none-eabi/11.1.0/../../../../arm-none-eabi/lib/thumb\libsysbase.a(iosupport.o)
                0x000000000201ff20                GetDeviceOpTab
 .text._fstat_r
                0x000000000201ff40       0x4c c:/devkitpro/devkitarm/bin/../lib/gcc/arm-none-eabi/11.1.0/../../../../arm-none-eabi/lib/thumb\libsysbase.a(fstat.o)
                0x000000000201ff40                _fstat_r
 .text._getpid_r
                0x000000000201ff8c        0xc c:/devkitpro/devkitarm/bin/../lib/gcc/arm-none-eabi/11.1.0/../../../../arm-none-eabi/lib/thumb\libsysbase.a(getpid.o)
                0x000000000201ff8c                _getpid_r
 .text._gettimeofday_r
                0x000000000201ff98       0x28 c:/devkitpro/devkitarm/bin/../lib/gcc/arm-none-eabi/11.1.0/../../../../arm-none-eabi/lib/thumb\libsysbase.a(gettod.o)
                0x000000000201ff98                _gettimeofday_r
 .text._isatty_r
                0x000000000201ffc0        0x4 c:/devkitpro/devkitarm/bin/../lib/gcc/arm-none-eabi/11.1.0/../../../../arm-none-eabi/lib/thumb\libsysbase.a(isatty.o)
                0x000000000201ffc0                _isatty_r
 .text._kill_r  0x000000000201ffc4        0xc c:/devkitpro/devkitarm/bin/../lib/gcc/arm-none-eabi/11.1.0/../../../../arm-none-eabi/lib/thumb\libsysbase.a(kill.o)
                0x000000000201ffc4                _kill_r
 .text._lseek_r
                0x000000000201ffd0       0x5c c:/devkitpro/devkitarm/bin/../lib/gcc/arm-none-eabi/11.1.0/../../../../arm-none-eabi/lib/thumb\libsysbase.a(lseek.o)
                0x000000000201ffd0                _lseek_r
 .text._open_r  0x000000000202002c       0x9c c:/devkitpro/devkitarm/bin/../lib/gcc/arm-none-eabi/11.1.0/../../../../arm-none-eabi/lib/thumb\libsysbase.a(open.o)
                0x000000000202002c                _open_r
 .text._read_r  0x00000000020200c8       0x50 c:/devkitpro/devkitarm/bin/../lib/gcc/arm-none-eabi/11.1.0/../../../../arm-none-eabi/lib/thumb\libsysbase.a(read.o)
                0x00000000020200c8                _read_r
 .text._sbrk_r  0x0000000002020118       0x54 c:/devkitpro/devkitarm/bin/../lib/gcc/arm-none-eabi/11.1.0/../../../../arm-none-eabi/lib/thumb\libsysbase.a(sbrk.o)
                0x0000000002020118                _sbrk_r
 .text._write_r
                0x000000000202016c       0x50 c:/devkitpro/devkitarm/bin/../lib/gcc/arm-none-eabi/11.1.0/../../../../arm-none-eabi/lib/thumb\libsysbase.a(write.o)
                0x000000000202016c                _write_r
 .text._exit    0x00000000020201bc       0x18 c:/devkitpro/devkitarm/bin/../lib/gcc/arm-none-eabi/11.1.0/../../../../arm-none-eabi/lib/thumb\libsysbase.a(_exit.o)
                0x00000000020201bc                _exit
 .text._concatenate_path
                0x00000000020201d4      0x128 c:/devkitpro/devkitarm/bin/../lib/gcc/arm-none-eabi/11.1.0/../../../../arm-none-eabi/lib/thumb\libsysbase.a(chdir.o)
                0x00000000020201d4                _concatenate_path
 .text.chdir    0x00000000020202fc       0xf0 c:/devkitpro/devkitarm/bin/../lib/gcc/arm-none-eabi/11.1.0/../../../../arm-none-eabi/lib/thumb\libsysbase.a(chdir.o)
                0x00000000020202fc                chdir
 .text.getcwd   0x00000000020203ec       0x60 c:/devkitpro/devkitarm/bin/../lib/gcc/arm-none-eabi/11.1.0/../../../../arm-none-eabi/lib/thumb\libsysbase.a(chdir.o)
                0x00000000020203ec                getcwd
 .text.build_argv
                0x000000000202044c       0x4c c:/devkitpro/devkitarm/bin/../lib/gcc/arm-none-eabi/11.1.0/../../../../arm-none-eabi/lib/thumb\libsysbase.a(build_argv.o)
                0x000000000202044c                build_argv
 .text.__flockfile
                0x0000000002020498       0x10 c:/devkitpro/devkitarm/bin/../lib/gcc/arm-none-eabi/11.1.0/../../../../arm-none-eabi/lib/thumb\libsysbase.a(flock.o)
                0x0000000002020498                __flockfile
 .text.__funlockfile
                0x00000000020204a8       0x10 c:/devkitpro/devkitarm/bin/../lib/gcc/arm-none-eabi/11.1.0/../../../../arm-none-eabi/lib/thumb\libsysbase.a(flock.o)
                0x00000000020204a8                __funlockfile
 .text.__libc_lock_acquire
                0x00000000020204b8       0x1c c:/devkitpro/devkitarm/bin/../lib/gcc/arm-none-eabi/11.1.0/../../../../arm-none-eabi/lib/thumb\libsysbase.a(syscall_support.o)
                0x00000000020204b8                __libc_lock_acquire
 .text.__libc_lock_release
                0x00000000020204d4       0x1c c:/devkitpro/devkitarm/bin/../lib/gcc/arm-none-eabi/11.1.0/../../../../arm-none-eabi/lib/thumb\libsysbase.a(syscall_support.o)
                0x00000000020204d4                __libc_lock_release
 .text.__libc_lock_init_recursive
                0x00000000020204f0       0x1c c:/devkitpro/devkitarm/bin/../lib/gcc/arm-none-eabi/11.1.0/../../../../arm-none-eabi/lib/thumb\libsysbase.a(syscall_support.o)
                0x00000000020204f0                __libc_lock_init_recursive
 .text.__libc_lock_acquire_recursive
                0x000000000202050c       0x1c c:/devkitpro/devkitarm/bin/../lib/gcc/arm-none-eabi/11.1.0/../../../../arm-none-eabi/lib/thumb\libsysbase.a(syscall_support.o)
                0x000000000202050c                __libc_lock_acquire_recursive
 .text.__libc_lock_release_recursive
                0x0000000002020528       0x1c c:/devkitpro/devkitarm/bin/../lib/gcc/arm-none-eabi/11.1.0/../../../../arm-none-eabi/lib/thumb\libsysbase.a(syscall_support.o)
                0x0000000002020528                __libc_lock_release_recursive
 .text.__libc_lock_close_recursive
                0x0000000002020544       0x1c c:/devkitpro/devkitarm/bin/../lib/gcc/arm-none-eabi/11.1.0/../../../../arm-none-eabi/lib/thumb\libsysbase.a(syscall_support.o)
                0x0000000002020544                __libc_lock_close_recursive
 .text.__release_handle
                0x0000000002020560       0x68 c:/devkitpro/devkitarm/bin/../lib/gcc/arm-none-eabi/11.1.0/../../../../arm-none-eabi/lib/thumb\libsysbase.a(handle_manager.o)
                0x0000000002020560                __release_handle
 .text.__alloc_handle
                0x00000000020205c8       0x80 c:/devkitpro/devkitarm/bin/../lib/gcc/arm-none-eabi/11.1.0/../../../../arm-none-eabi/lib/thumb\libsysbase.a(handle_manager.o)
                0x00000000020205c8                __alloc_handle
 .text.__get_handle
                0x0000000002020648       0x34 c:/devkitpro/devkitarm/bin/../lib/gcc/arm-none-eabi/11.1.0/../../../../arm-none-eabi/lib/thumb\libsysbase.a(handle_manager.o)
                0x0000000002020648                __get_handle
 .text._close_r
                0x000000000202067c       0xb8 c:/devkitpro/devkitarm/bin/../lib/gcc/arm-none-eabi/11.1.0/../../../../arm-none-eabi/lib/thumb\libsysbase.a(handle_manager.o)
                0x000000000202067c                _close_r
 .text.__getreent
                0x0000000002020734       0x28 c:/devkitpro/devkitarm/bin/../lib/gcc/arm-none-eabi/11.1.0/../../../../arm-none-eabi/lib/thumb\libsysbase.a(getreent.o)
                0x0000000002020734                __getreent
 .text.__fixdfdi
                0x000000000202075c       0x40 c:/devkitpro/devkitarm/bin/../lib/gcc/arm-none-eabi/11.1.0/thumb\libgcc.a(_fixdfdi.o)
                0x000000000202075c                __fixdfdi
                0x000000000202075c                __aeabi_d2lz
 .text.__fixunsdfdi
                0x000000000202079c       0x40 c:/devkitpro/devkitarm/bin/../lib/gcc/arm-none-eabi/11.1.0/thumb\libgcc.a(_fixunsdfdi.o)
                0x000000000202079c                __fixunsdfdi
                0x000000000202079c                __aeabi_d2ulz
 *fill*         0x00000000020207dc        0x4 ff
 .text.__fixunsdfdi.__stub
                0x00000000020207e0      0x120 linker stubs
 *(EXCLUDE_FILE(*.twl*) .gnu.warning)
 *(EXCLUDE_FILE(*.twl*) .gnu.linkonce.t*)
 *(.glue_7)
 .glue_7        0x0000000002020910        0x0 linker stubs
 *(.glue_7t)
 .glue_7t       0x0000000002020910        0x0 linker stubs
                0x0000000002020910                . = ALIGN (0x4)

.vfp11_veneer   0x0000000002020910        0x0
 .vfp11_veneer  0x0000000002020910        0x0 linker stubs

.v4_bx          0x0000000002020910        0x0
 .v4_bx         0x0000000002020910        0x0 linker stubs

.iplt           0x0000000002020910        0x0
 .iplt          0x0000000002020910        0x0 c:/devkitpro/devkitarm/bin/../lib/gcc/arm-none-eabi/11.1.0/../../../../arm-none-eabi/lib/thumb/ds_arm9_crt0.o

.fini           0x0000000002020910        0xc
 *(.fini)
 .fini          0x0000000002020910        0x4 c:/devkitpro/devkitarm/bin/../lib/gcc/arm-none-eabi/11.1.0/thumb/crti.o
                0x0000000002020910                _fini
 .fini          0x0000000002020914        0x8 c:/devkitpro/devkitarm/bin/../lib/gcc/arm-none-eabi/11.1.0/thumb/crtn.o
                0x000000000202091c                __text_end = .

.rodata         0x0000000002020920     0xcae4
 *(EXCLUDE_FILE(*.twl*) .rodata)
 .rodata        0x0000000002020920       0x50 C:/Users/Matteo/Desktop/roba_nds/tris_nds/nflib/lib\libnflib.a(nf_basic.o)
 .rodata        0x0000000002020970     0x2d0c C:/devkitPro/libnds/lib\libnds9.a(keyboardGfx.o)
                0x0000000002020970                keyboardGfxTiles
                0x0000000002022c5c                keyboardGfxMap
                0x000000000202365c                keyboardGfxPal
 *all.rodata*(*)
 *(EXCLUDE_FILE(*.twl*) .roda)
 *(EXCLUDE_FILE(*.twl*) .rodata.*)
 .rodata.str1.4
                0x000000000202367c      0x1e0 main.o
 .rodata.str1.4
                0x000000000202385c       0x21 C:/Users/Matteo/Desktop/roba_nds/tris_nds/nflib/lib\libnflib.a(nf_2d.o)
                                         0x27 (size before relaxing)
 *fill*         0x000000000202387d        0x3 ff
 .rodata.str1.4
                0x0000000002023880      0x613 C:/Users/Matteo/Desktop/roba_nds/tris_nds/nflib/lib\libnflib.a(nf_basic.o)
                                        0x627 (size before relaxing)
 *fill*         0x0000000002023e93        0x1 ff
 .rodata.str1.4
                0x0000000002023e94       0x5e C:/Users/Matteo/Desktop/roba_nds/tris_nds/nflib/lib\libnflib.a(nf_bitmapbg.o)
 *fill*         0x0000000002023ef2        0x2 ff
 .rodata.str1.4
                0x0000000002023ef4       0x14 C:/Users/Matteo/Desktop/roba_nds/tris_nds/nflib/lib\libnflib.a(nf_media.o)
                                         0x18 (size before relaxing)
 .rodata.nitroFSInit.str1.4
                0x0000000002023f08        0x8 C:/devkitPro/libnds/lib\libfilesystem.a(nitrofs.o)
 .rodata.str1.4
                0x0000000002023f08        0xe C:/devkitPro/libnds/lib\libfilesystem.a(nitrofs.o)
 *fill*         0x0000000002023f16        0x2 ff
 .rodata.fatMount.part.0.str1.4
                0x0000000002023f18        0x2 C:/devkitPro/libnds/lib\libfat.a(libfat.o)
 *fill*         0x0000000002023f1a        0x2 ff